Archive member included to satisfy reference by file (symbol)

c:/program files (x86)/atmel/studio/7.0/toolchain/avr8/avr8-gnu-toolchain/bin/../lib/gcc/avr/5.4.0/../../../../avr/lib/avrxmega7\libm.a(addsf3.o)
                              CONTROL/DRIVERS/drivers.o (__subsf3)
c:/program files (x86)/atmel/studio/7.0/toolchain/avr8/avr8-gnu-toolchain/bin/../lib/gcc/avr/5.4.0/../../../../avr/lib/avrxmega7\libm.a(addsf3x.o)
                              c:/program files (x86)/atmel/studio/7.0/toolchain/avr8/avr8-gnu-toolchain/bin/../lib/gcc/avr/5.4.0/../../../../avr/lib/avrxmega7\libm.a(addsf3.o) (__addsf3x)
c:/program files (x86)/atmel/studio/7.0/toolchain/avr8/avr8-gnu-toolchain/bin/../lib/gcc/avr/5.4.0/../../../../avr/lib/avrxmega7\libm.a(divsf3.o)
                              CONTROL/DRIVERS/drivers.o (__divsf3)
c:/program files (x86)/atmel/studio/7.0/toolchain/avr8/avr8-gnu-toolchain/bin/../lib/gcc/avr/5.4.0/../../../../avr/lib/avrxmega7\libm.a(divsf3x.o)
                              c:/program files (x86)/atmel/studio/7.0/toolchain/avr8/avr8-gnu-toolchain/bin/../lib/gcc/avr/5.4.0/../../../../avr/lib/avrxmega7\libm.a(divsf3.o) (__divsf3x)
c:/program files (x86)/atmel/studio/7.0/toolchain/avr8/avr8-gnu-toolchain/bin/../lib/gcc/avr/5.4.0/../../../../avr/lib/avrxmega7\libm.a(fixsfsi.o)
                              CONTROL/DRIVERS/drivers.o (__fixsfsi)
c:/program files (x86)/atmel/studio/7.0/toolchain/avr8/avr8-gnu-toolchain/bin/../lib/gcc/avr/5.4.0/../../../../avr/lib/avrxmega7\libm.a(fixunssfsi.o)
                              CONTROL/DRIVERS/drivers.o (__fixunssfsi)
c:/program files (x86)/atmel/studio/7.0/toolchain/avr8/avr8-gnu-toolchain/bin/../lib/gcc/avr/5.4.0/../../../../avr/lib/avrxmega7\libm.a(floatsisf.o)
                              CONTROL/DRIVERS/drivers.o (__floatunsisf)
c:/program files (x86)/atmel/studio/7.0/toolchain/avr8/avr8-gnu-toolchain/bin/../lib/gcc/avr/5.4.0/../../../../avr/lib/avrxmega7\libm.a(fp_inf.o)
                              c:/program files (x86)/atmel/studio/7.0/toolchain/avr8/avr8-gnu-toolchain/bin/../lib/gcc/avr/5.4.0/../../../../avr/lib/avrxmega7\libm.a(addsf3x.o) (__fp_inf)
c:/program files (x86)/atmel/studio/7.0/toolchain/avr8/avr8-gnu-toolchain/bin/../lib/gcc/avr/5.4.0/../../../../avr/lib/avrxmega7\libm.a(fp_nan.o)
                              c:/program files (x86)/atmel/studio/7.0/toolchain/avr8/avr8-gnu-toolchain/bin/../lib/gcc/avr/5.4.0/../../../../avr/lib/avrxmega7\libm.a(addsf3x.o) (__fp_nan)
c:/program files (x86)/atmel/studio/7.0/toolchain/avr8/avr8-gnu-toolchain/bin/../lib/gcc/avr/5.4.0/../../../../avr/lib/avrxmega7\libm.a(fp_pscA.o)
                              c:/program files (x86)/atmel/studio/7.0/toolchain/avr8/avr8-gnu-toolchain/bin/../lib/gcc/avr/5.4.0/../../../../avr/lib/avrxmega7\libm.a(addsf3x.o) (__fp_pscA)
c:/program files (x86)/atmel/studio/7.0/toolchain/avr8/avr8-gnu-toolchain/bin/../lib/gcc/avr/5.4.0/../../../../avr/lib/avrxmega7\libm.a(fp_pscB.o)
                              c:/program files (x86)/atmel/studio/7.0/toolchain/avr8/avr8-gnu-toolchain/bin/../lib/gcc/avr/5.4.0/../../../../avr/lib/avrxmega7\libm.a(addsf3x.o) (__fp_pscB)
c:/program files (x86)/atmel/studio/7.0/toolchain/avr8/avr8-gnu-toolchain/bin/../lib/gcc/avr/5.4.0/../../../../avr/lib/avrxmega7\libm.a(fp_round.o)
                              c:/program files (x86)/atmel/studio/7.0/toolchain/avr8/avr8-gnu-toolchain/bin/../lib/gcc/avr/5.4.0/../../../../avr/lib/avrxmega7\libm.a(addsf3.o) (__fp_round)
c:/program files (x86)/atmel/studio/7.0/toolchain/avr8/avr8-gnu-toolchain/bin/../lib/gcc/avr/5.4.0/../../../../avr/lib/avrxmega7\libm.a(fp_split3.o)
                              c:/program files (x86)/atmel/studio/7.0/toolchain/avr8/avr8-gnu-toolchain/bin/../lib/gcc/avr/5.4.0/../../../../avr/lib/avrxmega7\libm.a(addsf3x.o) (__fp_split3)
c:/program files (x86)/atmel/studio/7.0/toolchain/avr8/avr8-gnu-toolchain/bin/../lib/gcc/avr/5.4.0/../../../../avr/lib/avrxmega7\libm.a(fp_zero.o)
                              c:/program files (x86)/atmel/studio/7.0/toolchain/avr8/avr8-gnu-toolchain/bin/../lib/gcc/avr/5.4.0/../../../../avr/lib/avrxmega7\libm.a(addsf3x.o) (__fp_zero)
c:/program files (x86)/atmel/studio/7.0/toolchain/avr8/avr8-gnu-toolchain/bin/../lib/gcc/avr/5.4.0/../../../../avr/lib/avrxmega7\libm.a(mulsf3.o)
                              CONTROL/DRIVERS/drivers.o (__mulsf3)
c:/program files (x86)/atmel/studio/7.0/toolchain/avr8/avr8-gnu-toolchain/bin/../lib/gcc/avr/5.4.0/../../../../avr/lib/avrxmega7\libm.a(mulsf3x.o)
                              c:/program files (x86)/atmel/studio/7.0/toolchain/avr8/avr8-gnu-toolchain/bin/../lib/gcc/avr/5.4.0/../../../../avr/lib/avrxmega7\libm.a(mulsf3.o) (__mulsf3x)
c:/program files (x86)/atmel/studio/7.0/toolchain/avr8/avr8-gnu-toolchain/bin/../lib/gcc/avr/5.4.0/avrxmega7\libgcc.a(_exit.o)
                              C:/Program Files (x86)/Atmel/Studio/7.0/Packs/atmel/XMEGAA_DFP/1.2.141/gcc/dev/atxmega128a1u/avrxmega7/crtatxmega128a1u.o (exit)
c:/program files (x86)/atmel/studio/7.0/toolchain/avr8/avr8-gnu-toolchain/bin/../lib/gcc/avr/5.4.0/avrxmega7\libgcc.a(_copy_data.o)
                              BLUETOOTH/DATA/data.o (__do_copy_data)
c:/program files (x86)/atmel/studio/7.0/toolchain/avr8/avr8-gnu-toolchain/bin/../lib/gcc/avr/5.4.0/avrxmega7\libgcc.a(_clear_bss.o)
                              BLUETOOTH/DATA/data.o (__do_clear_bss)
c:/program files (x86)/atmel/studio/7.0/toolchain/avr8/avr8-gnu-toolchain/bin/../lib/gcc/avr/5.4.0/avrxmega7\libgcc.a(_xload_1.o)
                              HMI/DISPLAY/oled_SSD1306.o (__xload_1)
c:/program files (x86)/atmel/studio/7.0/toolchain/avr8/avr8-gnu-toolchain/bin/../lib/gcc/avr/5.4.0/../../../../avr/lib/avrxmega7\libc.a(malloc.o)
                              BLUETOOTH/DATA/data.o (malloc)
c:/program files (x86)/atmel/studio/7.0/toolchain/avr8/avr8-gnu-toolchain/bin/../lib/gcc/avr/5.4.0/../../../../avr/lib/avrxmega7\libc.a(atoi.o)
                              BLUETOOTH/DATA/data.o (atoi)
c:/program files (x86)/atmel/studio/7.0/toolchain/avr8/avr8-gnu-toolchain/bin/../lib/gcc/avr/5.4.0/../../../../avr/lib/avrxmega7\libc.a(strcpy.o)
                              BLUETOOTH/FRAMES/frame.o (strcpy)
c:/program files (x86)/atmel/studio/7.0/toolchain/avr8/avr8-gnu-toolchain/bin/../lib/gcc/avr/5.4.0/../../../../avr/lib/avrxmega7\libc.a(strncmp.o)
                              BLUETOOTH/FRAMES/frame.o (strncmp)
c:/program files (x86)/atmel/studio/7.0/toolchain/avr8/avr8-gnu-toolchain/bin/../lib/gcc/avr/5.4.0/../../../../avr/lib/avrxmega7\libc.a(mul10.o)
                              c:/program files (x86)/atmel/studio/7.0/toolchain/avr8/avr8-gnu-toolchain/bin/../lib/gcc/avr/5.4.0/../../../../avr/lib/avrxmega7\libc.a(atoi.o) (__mulhi_const_10)

Allocating common symbols
Common symbol       size              file

Job                 0x2               BLUETOOTH/DATA/data.o
axisZ               0x2               CONTROL/DRIVERS/drivers.o
gddramBuff          0x400             HMI/DISPLAY/oled_SSD1306.o
drvToRunList        0x2               CONTROL/DRIVERS/drivers.o
__brkval            0x2               c:/program files (x86)/atmel/studio/7.0/toolchain/avr8/avr8-gnu-toolchain/bin/../lib/gcc/avr/5.4.0/../../../../avr/lib/avrxmega7\libc.a(malloc.o)
axisA               0x2               CONTROL/DRIVERS/drivers.o
axisB               0x2               CONTROL/DRIVERS/drivers.o
axisG               0x2               CONTROL/DRIVERS/drivers.o
SendingString       0x2               BLUETOOTH/USART/usart.o
axisT               0x2               CONTROL/DRIVERS/drivers.o
__flp               0x2               c:/program files (x86)/atmel/studio/7.0/toolchain/avr8/avr8-gnu-toolchain/bin/../lib/gcc/avr/5.4.0/../../../../avr/lib/avrxmega7\libc.a(malloc.o)
ReceivedChars       0x10              BLUETOOTH/USART/usart.o
axisC               0x2               CONTROL/DRIVERS/drivers.o
ReceivedString      0x2               BLUETOOTH/USART/usart.o

Discarded input sections

 .data          0x00000000        0x0 C:/Program Files (x86)/Atmel/Studio/7.0/Packs/atmel/XMEGAA_DFP/1.2.141/gcc/dev/atxmega128a1u/avrxmega7/crtatxmega128a1u.o
 .bss           0x00000000        0x0 C:/Program Files (x86)/Atmel/Studio/7.0/Packs/atmel/XMEGAA_DFP/1.2.141/gcc/dev/atxmega128a1u/avrxmega7/crtatxmega128a1u.o
 .text          0x00000000        0x0 BLUETOOTH/DATA/data.o
 .data          0x00000000        0x0 BLUETOOTH/DATA/data.o
 .bss           0x00000000        0x0 BLUETOOTH/DATA/data.o
 .text.Data_DeleteList
                0x00000000        0xa BLUETOOTH/DATA/data.o
 .text          0x00000000        0x0 BLUETOOTH/FRAMES/frame.o
 .data          0x00000000        0x0 BLUETOOTH/FRAMES/frame.o
 .bss           0x00000000        0x0 BLUETOOTH/FRAMES/frame.o
 .bss.SendingFrame
                0x00000000        0x2 BLUETOOTH/FRAMES/frame.o
 .text          0x00000000        0x0 BLUETOOTH/HC05/hc05.o
 .data          0x00000000        0x0 BLUETOOTH/HC05/hc05.o
 .bss           0x00000000        0x0 BLUETOOTH/HC05/hc05.o
 .text          0x00000000        0x0 BLUETOOTH/USART/BUFFER/buffer.o
 .data          0x00000000        0x0 BLUETOOTH/USART/BUFFER/buffer.o
 .bss           0x00000000        0x0 BLUETOOTH/USART/BUFFER/buffer.o
 .bss.SendingBuffer
                0x00000000        0x2 BLUETOOTH/USART/BUFFER/buffer.o
 .text          0x00000000        0x0 BLUETOOTH/USART/usart.o
 .data          0x00000000        0x0 BLUETOOTH/USART/usart.o
 .bss           0x00000000        0x0 BLUETOOTH/USART/usart.o
 .text          0x00000000        0x0 CONTROL/DRIVERS/drivers.o
 .data          0x00000000        0x0 CONTROL/DRIVERS/drivers.o
 .bss           0x00000000        0x0 CONTROL/DRIVERS/drivers.o
 .text          0x00000000        0x0 CONTROL/WORK/work.o
 .data          0x00000000        0x0 CONTROL/WORK/work.o
 .bss           0x00000000        0x0 CONTROL/WORK/work.o
 .text          0x00000000        0x0 HMI/DISPLAY/fonts.o
 .data          0x00000000        0x0 HMI/DISPLAY/fonts.o
 .bss           0x00000000        0x0 HMI/DISPLAY/fonts.o
 .progmemx.data.rotationLeftImg
                0x00000000       0xae HMI/DISPLAY/fonts.o
 .progmemx.data.rotationRightImg
                0x00000000       0xae HMI/DISPLAY/fonts.o
 .progmemx.data.arrowsImg
                0x00000000       0x82 HMI/DISPLAY/fonts.o
 .progmemx.data.grappleOpenImg
                0x00000000       0xae HMI/DISPLAY/fonts.o
 .progmemx.data.grappleClosedImg
                0x00000000       0xae HMI/DISPLAY/fonts.o
 .progmemx.data.arrowRightImg
                0x00000000        0xa HMI/DISPLAY/fonts.o
 .progmemx.data.arrowLeftImg
                0x00000000        0xa HMI/DISPLAY/fonts.o
 .progmemx.data.arrowDownImg
                0x00000000        0xa HMI/DISPLAY/fonts.o
 .progmemx.data.arrowUpImg
                0x00000000        0xa HMI/DISPLAY/fonts.o
 .progmemx.data.clrScrImg
                0x00000000      0x302 HMI/DISPLAY/fonts.o
 .progmemx.data.splashImg
                0x00000000      0x282 HMI/DISPLAY/fonts.o
 .progmemx.data.lightingImg
                0x00000000       0x22 HMI/DISPLAY/fonts.o
 .progmemx.data.font7x5
                0x00000000      0x300 HMI/DISPLAY/fonts.o
 .debug_info    0x00000000      0x163 HMI/DISPLAY/fonts.o
 .debug_abbrev  0x00000000       0x4d HMI/DISPLAY/fonts.o
 .debug_aranges
                0x00000000       0x18 HMI/DISPLAY/fonts.o
 .debug_line    0x00000000       0x34 HMI/DISPLAY/fonts.o
 .debug_str     0x00000000      0x252 HMI/DISPLAY/fonts.o
 .comment       0x00000000       0x31 HMI/DISPLAY/fonts.o
 .text          0x00000000        0x0 HMI/DISPLAY/oled_SSD1306.o
 .data          0x00000000        0x0 HMI/DISPLAY/oled_SSD1306.o
 .bss           0x00000000        0x0 HMI/DISPLAY/oled_SSD1306.o
 .text.ssd1306DispOff
                0x00000000       0x20 HMI/DISPLAY/oled_SSD1306.o
 .text.ssd1306SendCmdManyPar
                0x00000000       0x5a HMI/DISPLAY/oled_SSD1306.o
 .text.ssd1306Fill
                0x00000000       0x76 HMI/DISPLAY/oled_SSD1306.o
 .text.ssd1306FillArea
                0x00000000       0x98 HMI/DISPLAY/oled_SSD1306.o
 .text.ssd1306FillAreaFromFlash
                0x00000000       0xbe HMI/DISPLAY/oled_SSD1306.o
 .text.ssd1306FillFromFash
                0x00000000       0x8c HMI/DISPLAY/oled_SSD1306.o
 .text.ssd1306WriteTxt
                0x00000000       0xfe HMI/DISPLAY/oled_SSD1306.o
 .text.ssd1306SetPixel
                0x00000000       0x3a HMI/DISPLAY/oled_SSD1306.o
 .text.ssd1306ClrPixel
                0x00000000       0x20 HMI/DISPLAY/oled_SSD1306.o
 .text.createGpoint
                0x00000000       0x32 HMI/DISPLAY/oled_SSD1306.o
 .text.creatrTpoint
                0x00000000       0x32 HMI/DISPLAY/oled_SSD1306.o
 .text.ssd1306DrawLine
                0x00000000      0x134 HMI/DISPLAY/oled_SSD1306.o
 .text.ssd1306DrawRectangle
                0x00000000       0xae HMI/DISPLAY/oled_SSD1306.o
 COMMON         0x00000000      0x400 HMI/DISPLAY/oled_SSD1306.o
 .text          0x00000000        0x0 HMI/TWI_BUS/twi.o
 .data          0x00000000        0x0 HMI/TWI_BUS/twi.o
 .bss           0x00000000        0x0 HMI/TWI_BUS/twi.o
 .text          0x00000000        0x0 main.o
 .data          0x00000000        0x0 main.o
 .bss           0x00000000        0x0 main.o
 .text          0x00000000        0x0 SYS_CLOCK/sysclock.o
 .data          0x00000000        0x0 SYS_CLOCK/sysclock.o
 .bss           0x00000000        0x0 SYS_CLOCK/sysclock.o
 .text.ClkSys2MHz
                0x00000000       0x18 SYS_CLOCK/sysclock.o
 .text          0x00000000        0x0 c:/program files (x86)/atmel/studio/7.0/toolchain/avr8/avr8-gnu-toolchain/bin/../lib/gcc/avr/5.4.0/../../../../avr/lib/avrxmega7\libm.a(addsf3.o)
 .data          0x00000000        0x0 c:/program files (x86)/atmel/studio/7.0/toolchain/avr8/avr8-gnu-toolchain/bin/../lib/gcc/avr/5.4.0/../../../../avr/lib/avrxmega7\libm.a(addsf3.o)
 .bss           0x00000000        0x0 c:/program files (x86)/atmel/studio/7.0/toolchain/avr8/avr8-gnu-toolchain/bin/../lib/gcc/avr/5.4.0/../../../../avr/lib/avrxmega7\libm.a(addsf3.o)
 .text          0x00000000        0x0 c:/program files (x86)/atmel/studio/7.0/toolchain/avr8/avr8-gnu-toolchain/bin/../lib/gcc/avr/5.4.0/../../../../avr/lib/avrxmega7\libm.a(addsf3x.o)
 .data          0x00000000        0x0 c:/program files (x86)/atmel/studio/7.0/toolchain/avr8/avr8-gnu-toolchain/bin/../lib/gcc/avr/5.4.0/../../../../avr/lib/avrxmega7\libm.a(addsf3x.o)
 .bss           0x00000000        0x0 c:/program files (x86)/atmel/studio/7.0/toolchain/avr8/avr8-gnu-toolchain/bin/../lib/gcc/avr/5.4.0/../../../../avr/lib/avrxmega7\libm.a(addsf3x.o)
 .text          0x00000000        0x0 c:/program files (x86)/atmel/studio/7.0/toolchain/avr8/avr8-gnu-toolchain/bin/../lib/gcc/avr/5.4.0/../../../../avr/lib/avrxmega7\libm.a(divsf3.o)
 .data          0x00000000        0x0 c:/program files (x86)/atmel/studio/7.0/toolchain/avr8/avr8-gnu-toolchain/bin/../lib/gcc/avr/5.4.0/../../../../avr/lib/avrxmega7\libm.a(divsf3.o)
 .bss           0x00000000        0x0 c:/program files (x86)/atmel/studio/7.0/toolchain/avr8/avr8-gnu-toolchain/bin/../lib/gcc/avr/5.4.0/../../../../avr/lib/avrxmega7\libm.a(divsf3.o)
 .text          0x00000000        0x0 c:/program files (x86)/atmel/studio/7.0/toolchain/avr8/avr8-gnu-toolchain/bin/../lib/gcc/avr/5.4.0/../../../../avr/lib/avrxmega7\libm.a(divsf3x.o)
 .data          0x00000000        0x0 c:/program files (x86)/atmel/studio/7.0/toolchain/avr8/avr8-gnu-toolchain/bin/../lib/gcc/avr/5.4.0/../../../../avr/lib/avrxmega7\libm.a(divsf3x.o)
 .bss           0x00000000        0x0 c:/program files (x86)/atmel/studio/7.0/toolchain/avr8/avr8-gnu-toolchain/bin/../lib/gcc/avr/5.4.0/../../../../avr/lib/avrxmega7\libm.a(divsf3x.o)
 .text          0x00000000        0x0 c:/program files (x86)/atmel/studio/7.0/toolchain/avr8/avr8-gnu-toolchain/bin/../lib/gcc/avr/5.4.0/../../../../avr/lib/avrxmega7\libm.a(fixsfsi.o)
 .data          0x00000000        0x0 c:/program files (x86)/atmel/studio/7.0/toolchain/avr8/avr8-gnu-toolchain/bin/../lib/gcc/avr/5.4.0/../../../../avr/lib/avrxmega7\libm.a(fixsfsi.o)
 .bss           0x00000000        0x0 c:/program files (x86)/atmel/studio/7.0/toolchain/avr8/avr8-gnu-toolchain/bin/../lib/gcc/avr/5.4.0/../../../../avr/lib/avrxmega7\libm.a(fixsfsi.o)
 .text          0x00000000        0x0 c:/program files (x86)/atmel/studio/7.0/toolchain/avr8/avr8-gnu-toolchain/bin/../lib/gcc/avr/5.4.0/../../../../avr/lib/avrxmega7\libm.a(fixunssfsi.o)
 .data          0x00000000        0x0 c:/program files (x86)/atmel/studio/7.0/toolchain/avr8/avr8-gnu-toolchain/bin/../lib/gcc/avr/5.4.0/../../../../avr/lib/avrxmega7\libm.a(fixunssfsi.o)
 .bss           0x00000000        0x0 c:/program files (x86)/atmel/studio/7.0/toolchain/avr8/avr8-gnu-toolchain/bin/../lib/gcc/avr/5.4.0/../../../../avr/lib/avrxmega7\libm.a(fixunssfsi.o)
 .text          0x00000000        0x0 c:/program files (x86)/atmel/studio/7.0/toolchain/avr8/avr8-gnu-toolchain/bin/../lib/gcc/avr/5.4.0/../../../../avr/lib/avrxmega7\libm.a(floatsisf.o)
 .data          0x00000000        0x0 c:/program files (x86)/atmel/studio/7.0/toolchain/avr8/avr8-gnu-toolchain/bin/../lib/gcc/avr/5.4.0/../../../../avr/lib/avrxmega7\libm.a(floatsisf.o)
 .bss           0x00000000        0x0 c:/program files (x86)/atmel/studio/7.0/toolchain/avr8/avr8-gnu-toolchain/bin/../lib/gcc/avr/5.4.0/../../../../avr/lib/avrxmega7\libm.a(floatsisf.o)
 .text          0x00000000        0x0 c:/program files (x86)/atmel/studio/7.0/toolchain/avr8/avr8-gnu-toolchain/bin/../lib/gcc/avr/5.4.0/../../../../avr/lib/avrxmega7\libm.a(fp_inf.o)
 .data          0x00000000        0x0 c:/program files (x86)/atmel/studio/7.0/toolchain/avr8/avr8-gnu-toolchain/bin/../lib/gcc/avr/5.4.0/../../../../avr/lib/avrxmega7\libm.a(fp_inf.o)
 .bss           0x00000000        0x0 c:/program files (x86)/atmel/studio/7.0/toolchain/avr8/avr8-gnu-toolchain/bin/../lib/gcc/avr/5.4.0/../../../../avr/lib/avrxmega7\libm.a(fp_inf.o)
 .text          0x00000000        0x0 c:/program files (x86)/atmel/studio/7.0/toolchain/avr8/avr8-gnu-toolchain/bin/../lib/gcc/avr/5.4.0/../../../../avr/lib/avrxmega7\libm.a(fp_nan.o)
 .data          0x00000000        0x0 c:/program files (x86)/atmel/studio/7.0/toolchain/avr8/avr8-gnu-toolchain/bin/../lib/gcc/avr/5.4.0/../../../../avr/lib/avrxmega7\libm.a(fp_nan.o)
 .bss           0x00000000        0x0 c:/program files (x86)/atmel/studio/7.0/toolchain/avr8/avr8-gnu-toolchain/bin/../lib/gcc/avr/5.4.0/../../../../avr/lib/avrxmega7\libm.a(fp_nan.o)
 .text          0x00000000        0x0 c:/program files (x86)/atmel/studio/7.0/toolchain/avr8/avr8-gnu-toolchain/bin/../lib/gcc/avr/5.4.0/../../../../avr/lib/avrxmega7\libm.a(fp_pscA.o)
 .data          0x00000000        0x0 c:/program files (x86)/atmel/studio/7.0/toolchain/avr8/avr8-gnu-toolchain/bin/../lib/gcc/avr/5.4.0/../../../../avr/lib/avrxmega7\libm.a(fp_pscA.o)
 .bss           0x00000000        0x0 c:/program files (x86)/atmel/studio/7.0/toolchain/avr8/avr8-gnu-toolchain/bin/../lib/gcc/avr/5.4.0/../../../../avr/lib/avrxmega7\libm.a(fp_pscA.o)
 .text          0x00000000        0x0 c:/program files (x86)/atmel/studio/7.0/toolchain/avr8/avr8-gnu-toolchain/bin/../lib/gcc/avr/5.4.0/../../../../avr/lib/avrxmega7\libm.a(fp_pscB.o)
 .data          0x00000000        0x0 c:/program files (x86)/atmel/studio/7.0/toolchain/avr8/avr8-gnu-toolchain/bin/../lib/gcc/avr/5.4.0/../../../../avr/lib/avrxmega7\libm.a(fp_pscB.o)
 .bss           0x00000000        0x0 c:/program files (x86)/atmel/studio/7.0/toolchain/avr8/avr8-gnu-toolchain/bin/../lib/gcc/avr/5.4.0/../../../../avr/lib/avrxmega7\libm.a(fp_pscB.o)
 .text          0x00000000        0x0 c:/program files (x86)/atmel/studio/7.0/toolchain/avr8/avr8-gnu-toolchain/bin/../lib/gcc/avr/5.4.0/../../../../avr/lib/avrxmega7\libm.a(fp_round.o)
 .data          0x00000000        0x0 c:/program files (x86)/atmel/studio/7.0/toolchain/avr8/avr8-gnu-toolchain/bin/../lib/gcc/avr/5.4.0/../../../../avr/lib/avrxmega7\libm.a(fp_round.o)
 .bss           0x00000000        0x0 c:/program files (x86)/atmel/studio/7.0/toolchain/avr8/avr8-gnu-toolchain/bin/../lib/gcc/avr/5.4.0/../../../../avr/lib/avrxmega7\libm.a(fp_round.o)
 .text          0x00000000        0x0 c:/program files (x86)/atmel/studio/7.0/toolchain/avr8/avr8-gnu-toolchain/bin/../lib/gcc/avr/5.4.0/../../../../avr/lib/avrxmega7\libm.a(fp_split3.o)
 .data          0x00000000        0x0 c:/program files (x86)/atmel/studio/7.0/toolchain/avr8/avr8-gnu-toolchain/bin/../lib/gcc/avr/5.4.0/../../../../avr/lib/avrxmega7\libm.a(fp_split3.o)
 .bss           0x00000000        0x0 c:/program files (x86)/atmel/studio/7.0/toolchain/avr8/avr8-gnu-toolchain/bin/../lib/gcc/avr/5.4.0/../../../../avr/lib/avrxmega7\libm.a(fp_split3.o)
 .text          0x00000000        0x0 c:/program files (x86)/atmel/studio/7.0/toolchain/avr8/avr8-gnu-toolchain/bin/../lib/gcc/avr/5.4.0/../../../../avr/lib/avrxmega7\libm.a(fp_zero.o)
 .data          0x00000000        0x0 c:/program files (x86)/atmel/studio/7.0/toolchain/avr8/avr8-gnu-toolchain/bin/../lib/gcc/avr/5.4.0/../../../../avr/lib/avrxmega7\libm.a(fp_zero.o)
 .bss           0x00000000        0x0 c:/program files (x86)/atmel/studio/7.0/toolchain/avr8/avr8-gnu-toolchain/bin/../lib/gcc/avr/5.4.0/../../../../avr/lib/avrxmega7\libm.a(fp_zero.o)
 .text          0x00000000        0x0 c:/program files (x86)/atmel/studio/7.0/toolchain/avr8/avr8-gnu-toolchain/bin/../lib/gcc/avr/5.4.0/../../../../avr/lib/avrxmega7\libm.a(mulsf3.o)
 .data          0x00000000        0x0 c:/program files (x86)/atmel/studio/7.0/toolchain/avr8/avr8-gnu-toolchain/bin/../lib/gcc/avr/5.4.0/../../../../avr/lib/avrxmega7\libm.a(mulsf3.o)
 .bss           0x00000000        0x0 c:/program files (x86)/atmel/studio/7.0/toolchain/avr8/avr8-gnu-toolchain/bin/../lib/gcc/avr/5.4.0/../../../../avr/lib/avrxmega7\libm.a(mulsf3.o)
 .text          0x00000000        0x0 c:/program files (x86)/atmel/studio/7.0/toolchain/avr8/avr8-gnu-toolchain/bin/../lib/gcc/avr/5.4.0/../../../../avr/lib/avrxmega7\libm.a(mulsf3x.o)
 .data          0x00000000        0x0 c:/program files (x86)/atmel/studio/7.0/toolchain/avr8/avr8-gnu-toolchain/bin/../lib/gcc/avr/5.4.0/../../../../avr/lib/avrxmega7\libm.a(mulsf3x.o)
 .bss           0x00000000        0x0 c:/program files (x86)/atmel/studio/7.0/toolchain/avr8/avr8-gnu-toolchain/bin/../lib/gcc/avr/5.4.0/../../../../avr/lib/avrxmega7\libm.a(mulsf3x.o)
 .text          0x00000000        0x0 c:/program files (x86)/atmel/studio/7.0/toolchain/avr8/avr8-gnu-toolchain/bin/../lib/gcc/avr/5.4.0/avrxmega7\libgcc.a(_exit.o)
 .data          0x00000000        0x0 c:/program files (x86)/atmel/studio/7.0/toolchain/avr8/avr8-gnu-toolchain/bin/../lib/gcc/avr/5.4.0/avrxmega7\libgcc.a(_exit.o)
 .bss           0x00000000        0x0 c:/program files (x86)/atmel/studio/7.0/toolchain/avr8/avr8-gnu-toolchain/bin/../lib/gcc/avr/5.4.0/avrxmega7\libgcc.a(_exit.o)
 .text.libgcc.mul
                0x00000000        0x0 c:/program files (x86)/atmel/studio/7.0/toolchain/avr8/avr8-gnu-toolchain/bin/../lib/gcc/avr/5.4.0/avrxmega7\libgcc.a(_exit.o)
 .text.libgcc.div
                0x00000000        0x0 c:/program files (x86)/atmel/studio/7.0/toolchain/avr8/avr8-gnu-toolchain/bin/../lib/gcc/avr/5.4.0/avrxmega7\libgcc.a(_exit.o)
 .text.libgcc   0x00000000        0x0 c:/program files (x86)/atmel/studio/7.0/toolchain/avr8/avr8-gnu-toolchain/bin/../lib/gcc/avr/5.4.0/avrxmega7\libgcc.a(_exit.o)
 .text.libgcc.prologue
                0x00000000        0x0 c:/program files (x86)/atmel/studio/7.0/toolchain/avr8/avr8-gnu-toolchain/bin/../lib/gcc/avr/5.4.0/avrxmega7\libgcc.a(_exit.o)
 .text.libgcc.builtins
                0x00000000        0x0 c:/program files (x86)/atmel/studio/7.0/toolchain/avr8/avr8-gnu-toolchain/bin/../lib/gcc/avr/5.4.0/avrxmega7\libgcc.a(_exit.o)
 .text.libgcc.fmul
                0x00000000        0x0 c:/program files (x86)/atmel/studio/7.0/toolchain/avr8/avr8-gnu-toolchain/bin/../lib/gcc/avr/5.4.0/avrxmega7\libgcc.a(_exit.o)
 .text.libgcc.fixed
                0x00000000        0x0 c:/program files (x86)/atmel/studio/7.0/toolchain/avr8/avr8-gnu-toolchain/bin/../lib/gcc/avr/5.4.0/avrxmega7\libgcc.a(_exit.o)
 .text          0x00000000        0x0 c:/program files (x86)/atmel/studio/7.0/toolchain/avr8/avr8-gnu-toolchain/bin/../lib/gcc/avr/5.4.0/avrxmega7\libgcc.a(_copy_data.o)
 .data          0x00000000        0x0 c:/program files (x86)/atmel/studio/7.0/toolchain/avr8/avr8-gnu-toolchain/bin/../lib/gcc/avr/5.4.0/avrxmega7\libgcc.a(_copy_data.o)
 .bss           0x00000000        0x0 c:/program files (x86)/atmel/studio/7.0/toolchain/avr8/avr8-gnu-toolchain/bin/../lib/gcc/avr/5.4.0/avrxmega7\libgcc.a(_copy_data.o)
 .text.libgcc.mul
                0x00000000        0x0 c:/program files (x86)/atmel/studio/7.0/toolchain/avr8/avr8-gnu-toolchain/bin/../lib/gcc/avr/5.4.0/avrxmega7\libgcc.a(_copy_data.o)
 .text.libgcc.div
                0x00000000        0x0 c:/program files (x86)/atmel/studio/7.0/toolchain/avr8/avr8-gnu-toolchain/bin/../lib/gcc/avr/5.4.0/avrxmega7\libgcc.a(_copy_data.o)
 .text.libgcc   0x00000000        0x0 c:/program files (x86)/atmel/studio/7.0/toolchain/avr8/avr8-gnu-toolchain/bin/../lib/gcc/avr/5.4.0/avrxmega7\libgcc.a(_copy_data.o)
 .text.libgcc.prologue
                0x00000000        0x0 c:/program files (x86)/atmel/studio/7.0/toolchain/avr8/avr8-gnu-toolchain/bin/../lib/gcc/avr/5.4.0/avrxmega7\libgcc.a(_copy_data.o)
 .text.libgcc.builtins
                0x00000000        0x0 c:/program files (x86)/atmel/studio/7.0/toolchain/avr8/avr8-gnu-toolchain/bin/../lib/gcc/avr/5.4.0/avrxmega7\libgcc.a(_copy_data.o)
 .text.libgcc.fmul
                0x00000000        0x0 c:/program files (x86)/atmel/studio/7.0/toolchain/avr8/avr8-gnu-toolchain/bin/../lib/gcc/avr/5.4.0/avrxmega7\libgcc.a(_copy_data.o)
 .text.libgcc.fixed
                0x00000000        0x0 c:/program files (x86)/atmel/studio/7.0/toolchain/avr8/avr8-gnu-toolchain/bin/../lib/gcc/avr/5.4.0/avrxmega7\libgcc.a(_copy_data.o)
 .text          0x00000000        0x0 c:/program files (x86)/atmel/studio/7.0/toolchain/avr8/avr8-gnu-toolchain/bin/../lib/gcc/avr/5.4.0/avrxmega7\libgcc.a(_clear_bss.o)
 .data          0x00000000        0x0 c:/program files (x86)/atmel/studio/7.0/toolchain/avr8/avr8-gnu-toolchain/bin/../lib/gcc/avr/5.4.0/avrxmega7\libgcc.a(_clear_bss.o)
 .bss           0x00000000        0x0 c:/program files (x86)/atmel/studio/7.0/toolchain/avr8/avr8-gnu-toolchain/bin/../lib/gcc/avr/5.4.0/avrxmega7\libgcc.a(_clear_bss.o)
 .text.libgcc.mul
                0x00000000        0x0 c:/program files (x86)/atmel/studio/7.0/toolchain/avr8/avr8-gnu-toolchain/bin/../lib/gcc/avr/5.4.0/avrxmega7\libgcc.a(_clear_bss.o)
 .text.libgcc.div
                0x00000000        0x0 c:/program files (x86)/atmel/studio/7.0/toolchain/avr8/avr8-gnu-toolchain/bin/../lib/gcc/avr/5.4.0/avrxmega7\libgcc.a(_clear_bss.o)
 .text.libgcc   0x00000000        0x0 c:/program files (x86)/atmel/studio/7.0/toolchain/avr8/avr8-gnu-toolchain/bin/../lib/gcc/avr/5.4.0/avrxmega7\libgcc.a(_clear_bss.o)
 .text.libgcc.prologue
                0x00000000        0x0 c:/program files (x86)/atmel/studio/7.0/toolchain/avr8/avr8-gnu-toolchain/bin/../lib/gcc/avr/5.4.0/avrxmega7\libgcc.a(_clear_bss.o)
 .text.libgcc.builtins
                0x00000000        0x0 c:/program files (x86)/atmel/studio/7.0/toolchain/avr8/avr8-gnu-toolchain/bin/../lib/gcc/avr/5.4.0/avrxmega7\libgcc.a(_clear_bss.o)
 .text.libgcc.fmul
                0x00000000        0x0 c:/program files (x86)/atmel/studio/7.0/toolchain/avr8/avr8-gnu-toolchain/bin/../lib/gcc/avr/5.4.0/avrxmega7\libgcc.a(_clear_bss.o)
 .text.libgcc.fixed
                0x00000000        0x0 c:/program files (x86)/atmel/studio/7.0/toolchain/avr8/avr8-gnu-toolchain/bin/../lib/gcc/avr/5.4.0/avrxmega7\libgcc.a(_clear_bss.o)
 .text          0x00000000        0x0 c:/program files (x86)/atmel/studio/7.0/toolchain/avr8/avr8-gnu-toolchain/bin/../lib/gcc/avr/5.4.0/avrxmega7\libgcc.a(_xload_1.o)
 .data          0x00000000        0x0 c:/program files (x86)/atmel/studio/7.0/toolchain/avr8/avr8-gnu-toolchain/bin/../lib/gcc/avr/5.4.0/avrxmega7\libgcc.a(_xload_1.o)
 .bss           0x00000000        0x0 c:/program files (x86)/atmel/studio/7.0/toolchain/avr8/avr8-gnu-toolchain/bin/../lib/gcc/avr/5.4.0/avrxmega7\libgcc.a(_xload_1.o)
 .text.libgcc.mul
                0x00000000        0x0 c:/program files (x86)/atmel/studio/7.0/toolchain/avr8/avr8-gnu-toolchain/bin/../lib/gcc/avr/5.4.0/avrxmega7\libgcc.a(_xload_1.o)
 .text.libgcc.div
                0x00000000        0x0 c:/program files (x86)/atmel/studio/7.0/toolchain/avr8/avr8-gnu-toolchain/bin/../lib/gcc/avr/5.4.0/avrxmega7\libgcc.a(_xload_1.o)
 .text.libgcc   0x00000000       0x10 c:/program files (x86)/atmel/studio/7.0/toolchain/avr8/avr8-gnu-toolchain/bin/../lib/gcc/avr/5.4.0/avrxmega7\libgcc.a(_xload_1.o)
 .text.libgcc.prologue
                0x00000000        0x0 c:/program files (x86)/atmel/studio/7.0/toolchain/avr8/avr8-gnu-toolchain/bin/../lib/gcc/avr/5.4.0/avrxmega7\libgcc.a(_xload_1.o)
 .text.libgcc.builtins
                0x00000000        0x0 c:/program files (x86)/atmel/studio/7.0/toolchain/avr8/avr8-gnu-toolchain/bin/../lib/gcc/avr/5.4.0/avrxmega7\libgcc.a(_xload_1.o)
 .text.libgcc.fmul
                0x00000000        0x0 c:/program files (x86)/atmel/studio/7.0/toolchain/avr8/avr8-gnu-toolchain/bin/../lib/gcc/avr/5.4.0/avrxmega7\libgcc.a(_xload_1.o)
 .text.libgcc.fixed
                0x00000000        0x0 c:/program files (x86)/atmel/studio/7.0/toolchain/avr8/avr8-gnu-toolchain/bin/../lib/gcc/avr/5.4.0/avrxmega7\libgcc.a(_xload_1.o)
 .text          0x00000000        0x0 c:/program files (x86)/atmel/studio/7.0/toolchain/avr8/avr8-gnu-toolchain/bin/../lib/gcc/avr/5.4.0/../../../../avr/lib/avrxmega7\libc.a(malloc.o)
 .bss           0x00000000        0x0 c:/program files (x86)/atmel/studio/7.0/toolchain/avr8/avr8-gnu-toolchain/bin/../lib/gcc/avr/5.4.0/../../../../avr/lib/avrxmega7\libc.a(malloc.o)
 .text          0x00000000        0x0 c:/program files (x86)/atmel/studio/7.0/toolchain/avr8/avr8-gnu-toolchain/bin/../lib/gcc/avr/5.4.0/../../../../avr/lib/avrxmega7\libc.a(atoi.o)
 .data          0x00000000        0x0 c:/program files (x86)/atmel/studio/7.0/toolchain/avr8/avr8-gnu-toolchain/bin/../lib/gcc/avr/5.4.0/../../../../avr/lib/avrxmega7\libc.a(atoi.o)
 .bss           0x00000000        0x0 c:/program files (x86)/atmel/studio/7.0/toolchain/avr8/avr8-gnu-toolchain/bin/../lib/gcc/avr/5.4.0/../../../../avr/lib/avrxmega7\libc.a(atoi.o)
 .text          0x00000000        0x0 c:/program files (x86)/atmel/studio/7.0/toolchain/avr8/avr8-gnu-toolchain/bin/../lib/gcc/avr/5.4.0/../../../../avr/lib/avrxmega7\libc.a(strcpy.o)
 .data          0x00000000        0x0 c:/program files (x86)/atmel/studio/7.0/toolchain/avr8/avr8-gnu-toolchain/bin/../lib/gcc/avr/5.4.0/../../../../avr/lib/avrxmega7\libc.a(strcpy.o)
 .bss           0x00000000        0x0 c:/program files (x86)/atmel/studio/7.0/toolchain/avr8/avr8-gnu-toolchain/bin/../lib/gcc/avr/5.4.0/../../../../avr/lib/avrxmega7\libc.a(strcpy.o)
 .text          0x00000000        0x0 c:/program files (x86)/atmel/studio/7.0/toolchain/avr8/avr8-gnu-toolchain/bin/../lib/gcc/avr/5.4.0/../../../../avr/lib/avrxmega7\libc.a(strncmp.o)
 .data          0x00000000        0x0 c:/program files (x86)/atmel/studio/7.0/toolchain/avr8/avr8-gnu-toolchain/bin/../lib/gcc/avr/5.4.0/../../../../avr/lib/avrxmega7\libc.a(strncmp.o)
 .bss           0x00000000        0x0 c:/program files (x86)/atmel/studio/7.0/toolchain/avr8/avr8-gnu-toolchain/bin/../lib/gcc/avr/5.4.0/../../../../avr/lib/avrxmega7\libc.a(strncmp.o)
 .text          0x00000000        0x0 c:/program files (x86)/atmel/studio/7.0/toolchain/avr8/avr8-gnu-toolchain/bin/../lib/gcc/avr/5.4.0/../../../../avr/lib/avrxmega7\libc.a(mul10.o)
 .data          0x00000000        0x0 c:/program files (x86)/atmel/studio/7.0/toolchain/avr8/avr8-gnu-toolchain/bin/../lib/gcc/avr/5.4.0/../../../../avr/lib/avrxmega7\libc.a(mul10.o)
 .bss           0x00000000        0x0 c:/program files (x86)/atmel/studio/7.0/toolchain/avr8/avr8-gnu-toolchain/bin/../lib/gcc/avr/5.4.0/../../../../avr/lib/avrxmega7\libc.a(mul10.o)

Memory Configuration

Name             Origin             Length             Attributes
text             0x00000000         0x00022000         xr
data             0x00802000         0x00002000         rw !x
eeprom           0x00810000         0x00000800         rw !x
fuse             0x00820000         0x00000006         rw !x
lock             0x00830000         0x00000400         rw !x
signature        0x00840000         0x00000400         rw !x
user_signatures  0x00850000         0x00000400         rw !x
*default*        0x00000000         0xffffffff

Linker script and memory map

LOAD C:/Program Files (x86)/Atmel/Studio/7.0/Packs/atmel/XMEGAA_DFP/1.2.141/gcc/dev/atxmega128a1u/avrxmega7/crtatxmega128a1u.o
LOAD BLUETOOTH/DATA/data.o
LOAD BLUETOOTH/FRAMES/frame.o
LOAD BLUETOOTH/HC05/hc05.o
LOAD BLUETOOTH/USART/BUFFER/buffer.o
LOAD BLUETOOTH/USART/usart.o
LOAD CONTROL/DRIVERS/drivers.o
LOAD CONTROL/WORK/work.o
LOAD HMI/DISPLAY/fonts.o
LOAD HMI/DISPLAY/oled_SSD1306.o
LOAD HMI/TWI_BUS/twi.o
LOAD main.o
LOAD SYS_CLOCK/sysclock.o
START GROUP
LOAD c:/program files (x86)/atmel/studio/7.0/toolchain/avr8/avr8-gnu-toolchain/bin/../lib/gcc/avr/5.4.0/../../../../avr/lib/avrxmega7\libm.a
END GROUP
START GROUP
LOAD c:/program files (x86)/atmel/studio/7.0/toolchain/avr8/avr8-gnu-toolchain/bin/../lib/gcc/avr/5.4.0/avrxmega7\libgcc.a
LOAD c:/program files (x86)/atmel/studio/7.0/toolchain/avr8/avr8-gnu-toolchain/bin/../lib/gcc/avr/5.4.0/../../../../avr/lib/avrxmega7\libm.a
LOAD c:/program files (x86)/atmel/studio/7.0/toolchain/avr8/avr8-gnu-toolchain/bin/../lib/gcc/avr/5.4.0/../../../../avr/lib/avrxmega7\libc.a
LOAD C:/Program Files (x86)/Atmel/Studio/7.0/Packs/atmel/XMEGAA_DFP/1.2.141/gcc/dev/atxmega128a1u/avrxmega7\libatxmega128a1u.a
END GROUP
                [0x00000000]                __TEXT_REGION_ORIGIN__ = DEFINED (__TEXT_REGION_ORIGIN__)?__TEXT_REGION_ORIGIN__:0x0
                [0x00802000]                __DATA_REGION_ORIGIN__ = DEFINED (__DATA_REGION_ORIGIN__)?__DATA_REGION_ORIGIN__:0x802000
                [0x00022000]                __TEXT_REGION_LENGTH__ = DEFINED (__TEXT_REGION_LENGTH__)?__TEXT_REGION_LENGTH__:0x100000
                [0x00002000]                __DATA_REGION_LENGTH__ = DEFINED (__DATA_REGION_LENGTH__)?__DATA_REGION_LENGTH__:0xffa0
                [0x00000800]                __EEPROM_REGION_LENGTH__ = DEFINED (__EEPROM_REGION_LENGTH__)?__EEPROM_REGION_LENGTH__:0x10000
                [0x00000006]                __FUSE_REGION_LENGTH__ = DEFINED (__FUSE_REGION_LENGTH__)?__FUSE_REGION_LENGTH__:0x400
                0x00000400                __LOCK_REGION_LENGTH__ = DEFINED (__LOCK_REGION_LENGTH__)?__LOCK_REGION_LENGTH__:0x400
                0x00000400                __SIGNATURE_REGION_LENGTH__ = DEFINED (__SIGNATURE_REGION_LENGTH__)?__SIGNATURE_REGION_LENGTH__:0x400
                0x00000400                __USER_SIGNATURE_REGION_LENGTH__ = DEFINED (__USER_SIGNATURE_REGION_LENGTH__)?__USER_SIGNATURE_REGION_LENGTH__:0x400

.hash
 *(.hash)

.dynsym
 *(.dynsym)

.dynstr
 *(.dynstr)

.gnu.version
 *(.gnu.version)

.gnu.version_d
 *(.gnu.version_d)

.gnu.version_r
 *(.gnu.version_r)

.rel.init
 *(.rel.init)

.rela.init
 *(.rela.init)

.rel.text
 *(.rel.text)
 *(.rel.text.*)
 *(.rel.gnu.linkonce.t*)

.rela.text
 *(.rela.text)
 *(.rela.text.*)
 *(.rela.gnu.linkonce.t*)

.rel.fini
 *(.rel.fini)

.rela.fini
 *(.rela.fini)

.rel.rodata
 *(.rel.rodata)
 *(.rel.rodata.*)
 *(.rel.gnu.linkonce.r*)

.rela.rodata
 *(.rela.rodata)
 *(.rela.rodata.*)
 *(.rela.gnu.linkonce.r*)

.rel.data
 *(.rel.data)
 *(.rel.data.*)
 *(.rel.gnu.linkonce.d*)

.rela.data
 *(.rela.data)
 *(.rela.data.*)
 *(.rela.gnu.linkonce.d*)

.rel.ctors
 *(.rel.ctors)

.rela.ctors
 *(.rela.ctors)

.rel.dtors
 *(.rel.dtors)

.rela.dtors
 *(.rela.dtors)

.rel.got
 *(.rel.got)

.rela.got
 *(.rela.got)

.rel.bss
 *(.rel.bss)

.rela.bss
 *(.rela.bss)

.rel.plt
 *(.rel.plt)

.rela.plt
 *(.rela.plt)

.text           0x00000000     0x2430
 *(.vectors)
 .vectors       0x00000000      0x1fc C:/Program Files (x86)/Atmel/Studio/7.0/Packs/atmel/XMEGAA_DFP/1.2.141/gcc/dev/atxmega128a1u/avrxmega7/crtatxmega128a1u.o
                0x00000000                __vector_default
                0x00000000                __vectors
 *(.vectors)
 *(.progmem.gcc*)
                0x000001fc                . = ALIGN (0x2)
                0x000001fc                __trampolines_start = .
 *(.trampolines)
 .trampolines   0x000001fc       0x28 linker stubs
 *(.trampolines*)
                0x00000224                __trampolines_end = .
 *libprintf_flt.a:*(.progmem.data)
 *libc.a:*(.progmem.data)
 *(.progmem*)
                0x00000224                . = ALIGN (0x2)
 *(.jumptables)
 *(.jumptables*)
 *(.lowtext)
 *(.lowtext*)
                0x00000224                __ctors_start = .
 *(.ctors)
                0x00000224                __ctors_end = .
                0x00000224                __dtors_start = .
 *(.dtors)
                0x00000224                __dtors_end = .
 SORT(*)(.ctors)
 SORT(*)(.dtors)
 *(.init0)
 .init0         0x00000224        0x0 C:/Program Files (x86)/Atmel/Studio/7.0/Packs/atmel/XMEGAA_DFP/1.2.141/gcc/dev/atxmega128a1u/avrxmega7/crtatxmega128a1u.o
                0x00000224                __init
 *(.init0)
 *(.init1)
 *(.init1)
 *(.init2)
 .init2         0x00000224       0x18 C:/Program Files (x86)/Atmel/Studio/7.0/Packs/atmel/XMEGAA_DFP/1.2.141/gcc/dev/atxmega128a1u/avrxmega7/crtatxmega128a1u.o
 *(.init2)
 *(.init3)
 *(.init3)
 *(.init4)
 .init4         0x0000023c       0x1c c:/program files (x86)/atmel/studio/7.0/toolchain/avr8/avr8-gnu-toolchain/bin/../lib/gcc/avr/5.4.0/avrxmega7\libgcc.a(_copy_data.o)
                0x0000023c                __do_copy_data
 .init4         0x00000258       0x10 c:/program files (x86)/atmel/studio/7.0/toolchain/avr8/avr8-gnu-toolchain/bin/../lib/gcc/avr/5.4.0/avrxmega7\libgcc.a(_clear_bss.o)
                0x00000258                __do_clear_bss
 *(.init4)
 *(.init5)
 *(.init5)
 *(.init6)
 *(.init6)
 *(.init7)
 *(.init7)
 *(.init8)
 *(.init8)
 *(.init9)
 .init9         0x00000268        0x8 C:/Program Files (x86)/Atmel/Studio/7.0/Packs/atmel/XMEGAA_DFP/1.2.141/gcc/dev/atxmega128a1u/avrxmega7/crtatxmega128a1u.o
 *(.init9)
 *(.text)
 .text          0x00000270        0x4 C:/Program Files (x86)/Atmel/Studio/7.0/Packs/atmel/XMEGAA_DFP/1.2.141/gcc/dev/atxmega128a1u/avrxmega7/crtatxmega128a1u.o
                0x00000270                __vector_38
                0x00000270                __vector_104
                0x00000270                __vector_22
                0x00000270                __vector_63
                0x00000270                __vector_28
                0x00000270                __vector_67
                0x00000270                __vector_1
                0x00000270                __vector_119
                0x00000270                __vector_32
                0x00000270                __vector_75
                0x00000270                __vector_71
                0x00000270                __vector_91
                0x00000270                __vector_34
                0x00000270                __vector_62
                0x00000270                __vector_77
                0x00000270                __vector_102
                0x00000270                __vector_24
                0x00000270                __vector_12
                0x00000270                __vector_55
                0x00000270                __vector_69
                0x00000270                __vector_81
                0x00000270                __vector_90
                0x00000270                __vector_46
                0x00000270                __bad_interrupt
                0x00000270                __vector_122
                0x00000270                __vector_72
                0x00000270                __vector_6
                0x00000270                __vector_110
                0x00000270                __vector_31
                0x00000270                __vector_92
                0x00000270                __vector_35
                0x00000270                __vector_78
                0x00000270                __vector_74
                0x00000270                __vector_117
                0x00000270                __vector_39
                0x00000270                __vector_107
                0x00000270                __vector_3
                0x00000270                __vector_105
                0x00000270                __vector_98
                0x00000270                __vector_23
                0x00000270                __vector_68
                0x00000270                __vector_30
                0x00000270                __vector_73
                0x00000270                __vector_45
                0x00000270                __vector_25
                0x00000270                __vector_93
                0x00000270                __vector_61
                0x00000270                __vector_11
                0x00000270                __vector_54
                0x00000270                __vector_99
                0x00000270                __vector_13
                0x00000270                __vector_17
                0x00000270                __vector_19
                0x00000270                __vector_56
                0x00000270                __vector_7
                0x00000270                __vector_125
                0x00000270                __vector_49
                0x00000270                __vector_123
                0x00000270                __vector_41
                0x00000270                __vector_86
                0x00000270                __vector_100
                0x00000270                __vector_101
                0x00000270                __vector_64
                0x00000270                __vector_109
                0x00000270                __vector_43
                0x00000270                __vector_27
                0x00000270                __vector_5
                0x00000270                __vector_113
                0x00000270                __vector_33
                0x00000270                __vector_76
                0x00000270                __vector_115
                0x00000270                __vector_47
                0x00000270                __vector_52
                0x00000270                __vector_37
                0x00000270                __vector_95
                0x00000270                __vector_103
                0x00000270                __vector_96
                0x00000270                __vector_4
                0x00000270                __vector_44
                0x00000270                __vector_82
                0x00000270                __vector_106
                0x00000270                __vector_118
                0x00000270                __vector_51
                0x00000270                __vector_9
                0x00000270                __vector_2
                0x00000270                __vector_21
                0x00000270                __vector_15
                0x00000270                __vector_66
                0x00000270                __vector_36
                0x00000270                __vector_79
                0x00000270                __vector_58
                0x00000270                __vector_70
                0x00000270                __vector_29
                0x00000270                __vector_60
                0x00000270                __vector_121
                0x00000270                __vector_40
                0x00000270                __vector_85
                0x00000270                __vector_94
                0x00000270                __vector_126
                0x00000270                __vector_8
                0x00000270                __vector_26
                0x00000270                __vector_48
                0x00000270                __vector_124
                0x00000270                __vector_116
                0x00000270                __vector_112
                0x00000270                __vector_111
                0x00000270                __vector_80
                0x00000270                __vector_14
                0x00000270                __vector_84
                0x00000270                __vector_57
                0x00000270                __vector_10
                0x00000270                __vector_50
                0x00000270                __vector_16
                0x00000270                __vector_59
                0x00000270                __vector_18
                0x00000270                __vector_97
                0x00000270                __vector_42
                0x00000270                __vector_87
                0x00000270                __vector_65
                0x00000270                __vector_120
                0x00000274                . = ALIGN (0x2)
 *(.text.*)
 .text.Data_CreateMove
                0x00000274       0x34 BLUETOOTH/DATA/data.o
                0x00000274                Data_CreateMove
 .text.Data_CreateListElement
                0x000002a8       0x28 BLUETOOTH/DATA/data.o
                0x000002a8                Data_CreateListElement
 .text.Data_CreateList
                0x000002d0       0x1a BLUETOOTH/DATA/data.o
                0x000002d0                Data_CreateList
 .text.Data_InsertElementToList
                0x000002ea       0x3c BLUETOOTH/DATA/data.o
                0x000002ea                Data_InsertElementToList
 .text.Data_GetTaskFromList
                0x00000326       0x18 BLUETOOTH/DATA/data.o
                0x00000326                Data_GetTaskFromList
 .text.Data_GetMoveFromList
                0x0000033e       0x18 BLUETOOTH/DATA/data.o
                0x0000033e                Data_GetMoveFromList
 .text.Data_DeleteElementFromList
                0x00000356       0x50 BLUETOOTH/DATA/data.o
                0x00000356                Data_DeleteElementFromList
 .text.Data_ClearList
                0x000003a6       0x2a BLUETOOTH/DATA/data.o
                0x000003a6                Data_ClearList
 .text.Data_InsertMoveToJob
                0x000003d0       0x7a BLUETOOTH/DATA/data.o
                0x000003d0                Data_InsertMoveToJob
 .text.Data_InsertTaskToJob
                0x0000044a       0xaa BLUETOOTH/DATA/data.o
                0x0000044a                Data_InsertTaskToJob
 .text.Data_ClearJob
                0x000004f4       0x4a BLUETOOTH/DATA/data.o
                0x000004f4                Data_ClearJob
 .text.Frame_Init
                0x0000053e       0x86 BLUETOOTH/FRAMES/frame.o
                0x0000053e                Frame_Init
 .text.Frame_Fill
                0x000005c4       0xe2 BLUETOOTH/FRAMES/frame.o
                0x000005c4                Frame_Fill
 .text.Frame_TypeCheck
                0x000006a6       0x94 BLUETOOTH/FRAMES/frame.o
                0x000006a6                Frame_TypeCheck
 .text.Frame_StatusCheck
                0x0000073a       0x20 BLUETOOTH/FRAMES/frame.o
                0x0000073a                Frame_StatusCheck
 .text.HC05_SendString
                0x0000075a        0x6 BLUETOOTH/HC05/hc05.o
                0x0000075a                HC05_SendString
 .text.HC05_SendStatus
                0x00000760       0xb2 BLUETOOTH/HC05/hc05.o
                0x00000760                HC05_SendStatus
 .text.HC05_Read
                0x00000812      0x110 BLUETOOTH/HC05/hc05.o
                0x00000812                HC05_Read
 .text.HC05_Init
                0x00000922       0x68 BLUETOOTH/HC05/hc05.o
                0x00000922                HC05_Init
 .text.Buffer_Init
                0x0000098a       0x6c BLUETOOTH/USART/BUFFER/buffer.o
                0x0000098a                Buffer_Init
 .text.Buffer_InsertString
                0x000009f6       0x3c BLUETOOTH/USART/BUFFER/buffer.o
                0x000009f6                Buffer_InsertString
 .text.Buffer_GetString
                0x00000a32       0x6c BLUETOOTH/USART/BUFFER/buffer.o
                0x00000a32                Buffer_GetString
 .text.Buffer_Clear
                0x00000a9e       0x40 BLUETOOTH/USART/BUFFER/buffer.o
                0x00000a9e                Buffer_Clear
 .text.Usart_Init
                0x00000ade       0x8e BLUETOOTH/USART/usart.o
                0x00000ade                Usart_Init
 .text.Usart_SendString
                0x00000b6c       0x1e BLUETOOTH/USART/usart.o
                0x00000b6c                Usart_SendString
 .text.Usart_GetString
                0x00000b8a       0x66 BLUETOOTH/USART/usart.o
                0x00000b8a                Usart_GetString
 .text.__vector_89
                0x00000bf0       0x88 BLUETOOTH/USART/usart.o
                0x00000bf0                __vector_89
 .text.__vector_88
                0x00000c78       0x92 BLUETOOTH/USART/usart.o
                0x00000c78                __vector_88
 .text.Driver_ConvertAngleToStep
                0x00000d0a       0x72 CONTROL/DRIVERS/drivers.o
                0x00000d0a                Driver_ConvertAngleToStep
 .text.Driver_StartStepperDriver
                0x00000d7c       0x62 CONTROL/DRIVERS/drivers.o
                0x00000d7c                Driver_StartStepperDriver
 .text.Driver_StartServoDriver
                0x00000dde       0x28 CONTROL/DRIVERS/drivers.o
                0x00000dde                Driver_StartServoDriver
 .text.Driver_StopStepperDriver
                0x00000e06       0x12 CONTROL/DRIVERS/drivers.o
                0x00000e06                Driver_StopStepperDriver
 .text.Driver_StopServoDriver
                0x00000e18       0x4a CONTROL/DRIVERS/drivers.o
                0x00000e18                Driver_StopServoDriver
 .text.Driver_ConvertAngleToPwm
                0x00000e62       0x2c CONTROL/DRIVERS/drivers.o
                0x00000e62                Driver_ConvertAngleToPwm
 .text.Driver_FreeStepper
                0x00000e8e       0x22 CONTROL/DRIVERS/drivers.o
                0x00000e8e                Driver_FreeStepper
 .text.Driver_StepperDriverInit
                0x00000eb0       0xd8 CONTROL/DRIVERS/drivers.o
                0x00000eb0                Driver_StepperDriverInit
 .text.Driver_ServoDriverInit
                0x00000f88       0xc6 CONTROL/DRIVERS/drivers.o
                0x00000f88                Driver_ServoDriverInit
 .text.Driver_SetStepperSpeed
                0x0000104e       0xa4 CONTROL/DRIVERS/drivers.o
                0x0000104e                Driver_SetStepperSpeed
 .text.Driver_SetStepperParameters
                0x000010f2       0x42 CONTROL/DRIVERS/drivers.o
                0x000010f2                Driver_SetStepperParameters
 .text.Driver_SetServoParameters
                0x00001134       0x18 CONTROL/DRIVERS/drivers.o
                0x00001134                Driver_SetServoParameters
 .text.Driver_ToRunListInit
                0x0000114c       0x14 CONTROL/DRIVERS/drivers.o
                0x0000114c                Driver_ToRunListInit
 .text.Driver_AxisInit
                0x00001160      0x190 CONTROL/DRIVERS/drivers.o
                0x00001160                Driver_AxisInit
 .text.Driver_ToRunItemInit
                0x000012f0       0x1e CONTROL/DRIVERS/drivers.o
                0x000012f0                Driver_ToRunItemInit
 .text.Driver_ToRunDrvInit
                0x0000130e       0x22 CONTROL/DRIVERS/drivers.o
                0x0000130e                Driver_ToRunDrvInit
 .text.Driver_ToRunListAdd
                0x00001330       0x3e CONTROL/DRIVERS/drivers.o
                0x00001330                Driver_ToRunListAdd
 .text.Driver_SetDriverParameters
                0x0000136e      0x124 CONTROL/DRIVERS/drivers.o
                0x0000136e                Driver_SetDriverParameters
 .text.Driver_ToRunListGet
                0x00001492       0xa6 CONTROL/DRIVERS/drivers.o
                0x00001492                Driver_ToRunListGet
 .text.Driver_RunTaskAxes
                0x00001538       0x76 CONTROL/DRIVERS/drivers.o
                0x00001538                Driver_RunTaskAxes
 .text.Driver_FreeAxes
                0x000015ae       0x60 CONTROL/DRIVERS/drivers.o
                0x000015ae                Driver_FreeAxes
 .text.Driver_StopRobot
                0x0000160e       0x88 CONTROL/DRIVERS/drivers.o
                0x0000160e                Driver_StopRobot
 .text.Driver_EmergencyStop
                0x00001696        0xa CONTROL/DRIVERS/drivers.o
                0x00001696                Driver_EmergencyStop
 .text.Driver_IsAnyAxisRunning
                0x000016a0       0x38 CONTROL/DRIVERS/drivers.o
                0x000016a0                Driver_IsAnyAxisRunning
 .text.Driver_StepperTimerIsr
                0x000016d8       0x98 CONTROL/DRIVERS/drivers.o
                0x000016d8                Driver_StepperTimerIsr
 .text.__vector_20
                0x00001770       0x6e CONTROL/DRIVERS/drivers.o
                0x00001770                __vector_20
 .text.__vector_83
                0x000017de       0x6e CONTROL/DRIVERS/drivers.o
                0x000017de                __vector_83
 .text.__vector_53
                0x0000184c       0x6e CONTROL/DRIVERS/drivers.o
                0x0000184c                __vector_53
 .text.__vector_114
                0x000018ba       0x6e CONTROL/DRIVERS/drivers.o
                0x000018ba                __vector_114
 .text.Work_TimerStart
                0x00001928        0x8 CONTROL/WORK/work.o
                0x00001928                Work_TimerStart
 .text.Work_TimerStop
                0x00001930        0x6 CONTROL/WORK/work.o
                0x00001930                Work_TimerStop
 .text.Work_TimerInit
                0x00001936       0x2c CONTROL/WORK/work.o
                0x00001936                Work_TimerInit
 .text.Work_GetParameters
                0x00001962       0x34 CONTROL/WORK/work.o
                0x00001962                Work_GetParameters
 .text.Work_RunRobot
                0x00001996       0x1a CONTROL/WORK/work.o
                0x00001996                Work_RunRobot
 .text.Work_StopRobot
                0x000019b0       0x12 CONTROL/WORK/work.o
                0x000019b0                Work_StopRobot
 .text.Work_RunTask
                0x000019c2       0x5e CONTROL/WORK/work.o
                0x000019c2                Work_RunTask
 .text.__vector_108
                0x00001a20       0xb2 CONTROL/WORK/work.o
                0x00001a20                __vector_108
 .text.ssd1306SendCmdNoPar
                0x00001ad2       0x3c HMI/DISPLAY/oled_SSD1306.o
                0x00001ad2                ssd1306SendCmdNoPar
 .text.ssd1306SendCmdOnePar
                0x00001b0e       0x4a HMI/DISPLAY/oled_SSD1306.o
                0x00001b0e                ssd1306SendCmdOnePar
 .text.ssd1306DispOn
                0x00001b58       0x20 HMI/DISPLAY/oled_SSD1306.o
                0x00001b58                ssd1306DispOn
 .text.ssd1306Init
                0x00001b78       0x64 HMI/DISPLAY/oled_SSD1306.o
                0x00001b78                ssd1306Init
 .text.ssd1306SendByte
                0x00001bdc       0x2c HMI/DISPLAY/oled_SSD1306.o
                0x00001bdc                ssd1306SendByte
 .text.ssd1306Locate
                0x00001c08       0x36 HMI/DISPLAY/oled_SSD1306.o
                0x00001c08                ssd1306Locate
 .text.ssd1306ClrScr
                0x00001c3e       0x58 HMI/DISPLAY/oled_SSD1306.o
                0x00001c3e                ssd1306ClrScr
 .text.twiMasterInit
                0x00001c96       0x1e HMI/TWI_BUS/twi.o
                0x00001c96                twiMasterInit
 .text.twiSendAddress
                0x00001cb4        0xc HMI/TWI_BUS/twi.o
                0x00001cb4                twiSendAddress
 .text.twiSendData
                0x00001cc0        0xc HMI/TWI_BUS/twi.o
                0x00001cc0                twiSendData
 .text.twiStop  0x00001ccc        0xa HMI/TWI_BUS/twi.o
                0x00001ccc                twiStop
 .text.main     0x00001cd6       0x64 main.o
                0x00001cd6                main
 .text.ClkSys32MHz
                0x00001d3a       0x1a SYS_CLOCK/sysclock.o
                0x00001d3a                ClkSys32MHz
 .text.avr-libc.fplib
                0x00001d54        0xe c:/program files (x86)/atmel/studio/7.0/toolchain/avr8/avr8-gnu-toolchain/bin/../lib/gcc/avr/5.4.0/../../../../avr/lib/avrxmega7\libm.a(addsf3.o)
                0x00001d54                __subsf3
                0x00001d56                __addsf3
 .text.avr-libc.fplib
                0x00001d62       0xcc c:/program files (x86)/atmel/studio/7.0/toolchain/avr8/avr8-gnu-toolchain/bin/../lib/gcc/avr/5.4.0/../../../../avr/lib/avrxmega7\libm.a(addsf3x.o)
                0x00001d84                __addsf3x
 .text.avr-libc.fplib
                0x00001e2e        0x8 c:/program files (x86)/atmel/studio/7.0/toolchain/avr8/avr8-gnu-toolchain/bin/../lib/gcc/avr/5.4.0/../../../../avr/lib/avrxmega7\libm.a(divsf3.o)
                0x00001e2e                __divsf3
 .text.avr-libc.fplib
                0x00001e36       0xdc c:/program files (x86)/atmel/studio/7.0/toolchain/avr8/avr8-gnu-toolchain/bin/../lib/gcc/avr/5.4.0/../../../../avr/lib/avrxmega7\libm.a(divsf3x.o)
                0x00001e56                __divsf3x
                0x00001e5c                __divsf3_pse
 .text.avr-libc.fplib
                0x00001f12        0xe c:/program files (x86)/atmel/studio/7.0/toolchain/avr8/avr8-gnu-toolchain/bin/../lib/gcc/avr/5.4.0/../../../../avr/lib/avrxmega7\libm.a(fixsfsi.o)
                0x00001f12                __fixsfsi
 .text.avr-libc.fplib
                0x00001f20       0x5e c:/program files (x86)/atmel/studio/7.0/toolchain/avr8/avr8-gnu-toolchain/bin/../lib/gcc/avr/5.4.0/../../../../avr/lib/avrxmega7\libm.a(fixunssfsi.o)
                0x00001f20                __fixunssfsi
 .text.avr-libc.fplib
                0x00001f7e       0x7a c:/program files (x86)/atmel/studio/7.0/toolchain/avr8/avr8-gnu-toolchain/bin/../lib/gcc/avr/5.4.0/../../../../avr/lib/avrxmega7\libm.a(floatsisf.o)
                0x00001f7e                __floatunsisf
                0x00001f82                __floatsisf
 .text.avr-libc.fplib
                0x00001ff8        0xc c:/program files (x86)/atmel/studio/7.0/toolchain/avr8/avr8-gnu-toolchain/bin/../lib/gcc/avr/5.4.0/../../../../avr/lib/avrxmega7\libm.a(fp_inf.o)
                0x00001ff8                __fp_inf
 .text.avr-libc.fplib
                0x00002004        0x6 c:/program files (x86)/atmel/studio/7.0/toolchain/avr8/avr8-gnu-toolchain/bin/../lib/gcc/avr/5.4.0/../../../../avr/lib/avrxmega7\libm.a(fp_nan.o)
                0x00002004                __fp_nan
 .text.avr-libc.fplib
                0x0000200a        0xe c:/program files (x86)/atmel/studio/7.0/toolchain/avr8/avr8-gnu-toolchain/bin/../lib/gcc/avr/5.4.0/../../../../avr/lib/avrxmega7\libm.a(fp_pscA.o)
                0x0000200a                __fp_pscA
 .text.avr-libc.fplib
                0x00002018        0xe c:/program files (x86)/atmel/studio/7.0/toolchain/avr8/avr8-gnu-toolchain/bin/../lib/gcc/avr/5.4.0/../../../../avr/lib/avrxmega7\libm.a(fp_pscB.o)
                0x00002018                __fp_pscB
 .text.avr-libc.fplib
                0x00002026       0x22 c:/program files (x86)/atmel/studio/7.0/toolchain/avr8/avr8-gnu-toolchain/bin/../lib/gcc/avr/5.4.0/../../../../avr/lib/avrxmega7\libm.a(fp_round.o)
                0x00002026                __fp_round
 .text.avr-libc.fplib
                0x00002048       0x44 c:/program files (x86)/atmel/studio/7.0/toolchain/avr8/avr8-gnu-toolchain/bin/../lib/gcc/avr/5.4.0/../../../../avr/lib/avrxmega7\libm.a(fp_split3.o)
                0x00002048                __fp_split3
                0x00002058                __fp_splitA
 .text.avr-libc.fplib
                0x0000208c        0xe c:/program files (x86)/atmel/studio/7.0/toolchain/avr8/avr8-gnu-toolchain/bin/../lib/gcc/avr/5.4.0/../../../../avr/lib/avrxmega7\libm.a(fp_zero.o)
                0x0000208c                __fp_zero
                0x0000208e                __fp_szero
 .text.avr-libc.fplib
                0x0000209a        0x8 c:/program files (x86)/atmel/studio/7.0/toolchain/avr8/avr8-gnu-toolchain/bin/../lib/gcc/avr/5.4.0/../../../../avr/lib/avrxmega7\libm.a(mulsf3.o)
                0x0000209a                __mulsf3
 .text.avr-libc.fplib
                0x000020a2       0xd2 c:/program files (x86)/atmel/studio/7.0/toolchain/avr8/avr8-gnu-toolchain/bin/../lib/gcc/avr/5.4.0/../../../../avr/lib/avrxmega7\libm.a(mulsf3x.o)
                0x000020c0                __mulsf3x
                0x000020c6                __mulsf3_pse
 .text.avr-libc
                0x00002174      0x242 c:/program files (x86)/atmel/studio/7.0/toolchain/avr8/avr8-gnu-toolchain/bin/../lib/gcc/avr/5.4.0/../../../../avr/lib/avrxmega7\libc.a(malloc.o)
                0x00002174                malloc
                0x000022a4                free
 .text.avr-libc
                0x000023b6       0x3c c:/program files (x86)/atmel/studio/7.0/toolchain/avr8/avr8-gnu-toolchain/bin/../lib/gcc/avr/5.4.0/../../../../avr/lib/avrxmega7\libc.a(atoi.o)
                0x000023b6                atoi
 .text.avr-libc
                0x000023f2        0xe c:/program files (x86)/atmel/studio/7.0/toolchain/avr8/avr8-gnu-toolchain/bin/../lib/gcc/avr/5.4.0/../../../../avr/lib/avrxmega7\libc.a(strcpy.o)
                0x000023f2                strcpy
 .text.avr-libc
                0x00002400       0x1c c:/program files (x86)/atmel/studio/7.0/toolchain/avr8/avr8-gnu-toolchain/bin/../lib/gcc/avr/5.4.0/../../../../avr/lib/avrxmega7\libc.a(strncmp.o)
                0x00002400                strncmp
 .text.avr-libc
                0x0000241c       0x10 c:/program files (x86)/atmel/studio/7.0/toolchain/avr8/avr8-gnu-toolchain/bin/../lib/gcc/avr/5.4.0/../../../../avr/lib/avrxmega7\libc.a(mul10.o)
                0x0000241c                __mulhi_const_10
                0x0000242c                . = ALIGN (0x2)
 *(.fini9)
 .fini9         0x0000242c        0x0 c:/program files (x86)/atmel/studio/7.0/toolchain/avr8/avr8-gnu-toolchain/bin/../lib/gcc/avr/5.4.0/avrxmega7\libgcc.a(_exit.o)
                0x0000242c                _exit
                0x0000242c                exit
 *(.fini9)
 *(.fini8)
 *(.fini8)
 *(.fini7)
 *(.fini7)
 *(.fini6)
 *(.fini6)
 *(.fini5)
 *(.fini5)
 *(.fini4)
 *(.fini4)
 *(.fini3)
 *(.fini3)
 *(.fini2)
 *(.fini2)
 *(.fini1)
 *(.fini1)
 *(.fini0)
 .fini0         0x0000242c        0x4 c:/program files (x86)/atmel/studio/7.0/toolchain/avr8/avr8-gnu-toolchain/bin/../lib/gcc/avr/5.4.0/avrxmega7\libgcc.a(_exit.o)
 *(.fini0)
                0x00002430                _etext = .

.data           0x00802000       0x62 load address 0x00002430
                0x00802000                PROVIDE (__data_start, .)
 *(.data)
 .data          0x00802000        0x6 c:/program files (x86)/atmel/studio/7.0/toolchain/avr8/avr8-gnu-toolchain/bin/../lib/gcc/avr/5.4.0/../../../../avr/lib/avrxmega7\libc.a(malloc.o)
                0x00802000                __malloc_heap_end
                0x00802002                __malloc_heap_start
                0x00802004                __malloc_margin
 *(.data*)
 .data.NeedNewList.4091
                0x00802006        0x1 BLUETOOTH/DATA/data.o
 .data.FrameTypes
                0x00802007        0xc BLUETOOTH/FRAMES/frame.o
                0x00802007                FrameTypes
 .data.EndCode  0x00802013        0x2 BLUETOOTH/FRAMES/frame.o
                0x00802013                EndCode
 .data.StartCode
                0x00802015        0x2 BLUETOOTH/FRAMES/frame.o
                0x00802015                StartCode
 .data.RunTaskTimer
                0x00802017        0x2 CONTROL/WORK/work.o
                0x00802017                RunTaskTimer
 .data.lcdBus   0x00802019        0x2 main.o
                0x00802019                lcdBus
 *(.gnu.linkonce.d*)
 *(.rodata)
 *(.rodata*)
 .rodata.str1.1
                0x0080201b       0x1d BLUETOOTH/FRAMES/frame.o
                                 0x26 (size before relaxing)
 .rodata.str1.1
                0x00802038       0x26 BLUETOOTH/HC05/hc05.o
 .rodata.str1.1
                0x0080205e        0x3 CONTROL/WORK/work.o
                                  0x7 (size before relaxing)
 *(.gnu.linkonce.r*)
                0x00802062                . = ALIGN (0x2)
 *fill*         0x00802061        0x1 
                0x00802062                _edata = .
                0x00802062                PROVIDE (__data_end, .)

.bss            0x00802062       0x3e
                0x00802062                PROVIDE (__bss_start, .)
 *(.bss)
 *(.bss*)
 .bss.ReceivingFrame
                0x00802062        0x2 BLUETOOTH/FRAMES/frame.o
                0x00802062                ReceivingFrame
 .bss.Bluetooth
                0x00802064        0x2 BLUETOOTH/HC05/hc05.o
                0x00802064                Bluetooth
 .bss.ReceivingBuffer
                0x00802066        0x2 BLUETOOTH/USART/BUFFER/buffer.o
                0x00802066                ReceivingBuffer
 .bss.i.4252    0x00802068        0x1 BLUETOOTH/USART/usart.o
 .bss.CharsCount.4246
                0x00802069        0x1 BLUETOOTH/USART/usart.o
 .bss.RS232Port
                0x0080206a        0x2 BLUETOOTH/USART/usart.o
                0x0080206a                RS232Port
 .bss.mx        0x0080206c        0x2 CONTROL/DRIVERS/drivers.o
                0x0080206c                mx
 .bss.mi        0x0080206e        0x2 CONTROL/DRIVERS/drivers.o
                0x0080206e                mi
 .bss.sp        0x00802070        0x2 CONTROL/DRIVERS/drivers.o
                0x00802070                sp
 .bss.cp        0x00802072        0x2 CONTROL/DRIVERS/drivers.o
                0x00802072                cp
 .bss.x.4235    0x00802074        0x2 CONTROL/WORK/work.o
 .bss.IsTaskInProgress
                0x00802076        0x1 CONTROL/WORK/work.o
                0x00802076                IsTaskInProgress
 .bss.IsJobInProgress
                0x00802077        0x1 CONTROL/WORK/work.o
                0x00802077                IsJobInProgress
 *(COMMON)
 COMMON         0x00802078        0x2 BLUETOOTH/DATA/data.o
                0x00802078                Job
 COMMON         0x0080207a       0x14 BLUETOOTH/USART/usart.o
                0x0080207a                SendingString
                0x0080207c                ReceivedChars
                0x0080208c                ReceivedString
 COMMON         0x0080208e        0xe CONTROL/DRIVERS/drivers.o
                0x0080208e                axisZ
                0x00802090                drvToRunList
                0x00802092                axisA
                0x00802094                axisB
                0x00802096                axisG
                0x00802098                axisT
                0x0080209a                axisC
 COMMON         0x0080209c        0x4 c:/program files (x86)/atmel/studio/7.0/toolchain/avr8/avr8-gnu-toolchain/bin/../lib/gcc/avr/5.4.0/../../../../avr/lib/avrxmega7\libc.a(malloc.o)
                0x0080209c                __brkval
                0x0080209e                __flp
                0x008020a0                PROVIDE (__bss_end, .)
                0x00002430                __data_load_start = LOADADDR (.data)
                0x00002492                __data_load_end = (__data_load_start + SIZEOF (.data))

.noinit         0x008020a0        0x0
                [!provide]                PROVIDE (__noinit_start, .)
 *(.noinit*)
                [!provide]                PROVIDE (__noinit_end, .)
                0x008020a0                _end = .
                0x008020a0                PROVIDE (__heap_start, .)

.eeprom         0x00810000        0x0
 *(.eeprom*)
                0x00810000                __eeprom_end = .

.fuse
 *(.fuse)
 *(.lfuse)
 *(.hfuse)
 *(.efuse)

.lock
 *(.lock*)

.signature
 *(.signature*)

.user_signatures
 *(.user_signatures*)

.stab
 *(.stab)

.stabstr
 *(.stabstr)

.stab.excl
 *(.stab.excl)

.stab.exclstr
 *(.stab.exclstr)

.stab.index
 *(.stab.index)

.stab.indexstr
 *(.stab.indexstr)

.comment        0x00000000       0x30
 *(.comment)
 .comment       0x00000000       0x30 BLUETOOTH/DATA/data.o
                                 0x31 (size before relaxing)
 .comment       0x00000030       0x31 BLUETOOTH/FRAMES/frame.o
 .comment       0x00000030       0x31 BLUETOOTH/HC05/hc05.o
 .comment       0x00000030       0x31 BLUETOOTH/USART/BUFFER/buffer.o
 .comment       0x00000030       0x31 BLUETOOTH/USART/usart.o
 .comment       0x00000030       0x31 CONTROL/DRIVERS/drivers.o
 .comment       0x00000030       0x31 CONTROL/WORK/work.o
 .comment       0x00000030       0x31 HMI/DISPLAY/oled_SSD1306.o
 .comment       0x00000030       0x31 HMI/TWI_BUS/twi.o
 .comment       0x00000030       0x31 main.o
 .comment       0x00000030       0x31 SYS_CLOCK/sysclock.o
 .comment       0x00000030       0x31 c:/program files (x86)/atmel/studio/7.0/toolchain/avr8/avr8-gnu-toolchain/bin/../lib/gcc/avr/5.4.0/../../../../avr/lib/avrxmega7\libc.a(malloc.o)

.note.gnu.avr.deviceinfo
                0x00000000       0x40
 .note.gnu.avr.deviceinfo
                0x00000000       0x40 C:/Program Files (x86)/Atmel/Studio/7.0/Packs/atmel/XMEGAA_DFP/1.2.141/gcc/dev/atxmega128a1u/avrxmega7/crtatxmega128a1u.o

.note.gnu.build-id
 *(.note.gnu.build-id)

.debug
 *(.debug)

.line
 *(.line)

.debug_srcinfo
 *(.debug_srcinfo)

.debug_sfnames
 *(.debug_sfnames)

.debug_aranges  0x00000000      0x3f0
 *(.debug_aranges)
 .debug_aranges
                0x00000000       0x78 BLUETOOTH/DATA/data.o
 .debug_aranges
                0x00000078       0x38 BLUETOOTH/FRAMES/frame.o
 .debug_aranges
                0x000000b0       0x38 BLUETOOTH/HC05/hc05.o
 .debug_aranges
                0x000000e8       0x38 BLUETOOTH/USART/BUFFER/buffer.o
 .debug_aranges
                0x00000120       0x40 BLUETOOTH/USART/usart.o
 .debug_aranges
                0x00000160      0x100 CONTROL/DRIVERS/drivers.o
 .debug_aranges
                0x00000260       0x58 CONTROL/WORK/work.o
 .debug_aranges
                0x000002b8       0xb8 HMI/DISPLAY/oled_SSD1306.o
 .debug_aranges
                0x00000370       0x38 HMI/TWI_BUS/twi.o
 .debug_aranges
                0x000003a8       0x20 main.o
 .debug_aranges
                0x000003c8       0x28 SYS_CLOCK/sysclock.o

.debug_pubnames
 *(.debug_pubnames)

.debug_info     0x00000000     0xa251
 *(.debug_info .gnu.linkonce.wi.*)
 .debug_info    0x00000000     0x3e5a C:/Program Files (x86)/Atmel/Studio/7.0/Packs/atmel/XMEGAA_DFP/1.2.141/gcc/dev/atxmega128a1u/avrxmega7/crtatxmega128a1u.o
 .debug_info    0x00003e5a      0x70d BLUETOOTH/DATA/data.o
 .debug_info    0x00004567      0x5ec BLUETOOTH/FRAMES/frame.o
 .debug_info    0x00004b53      0xb06 BLUETOOTH/HC05/hc05.o
 .debug_info    0x00005659      0x2a8 BLUETOOTH/USART/BUFFER/buffer.o
 .debug_info    0x00005901      0x61d BLUETOOTH/USART/usart.o
 .debug_info    0x00005f1e     0x1cd5 CONTROL/DRIVERS/drivers.o
 .debug_info    0x00007bf3      0xa9e CONTROL/WORK/work.o
 .debug_info    0x00008691     0x12de HMI/DISPLAY/oled_SSD1306.o
 .debug_info    0x0000996f      0x31a HMI/TWI_BUS/twi.o
 .debug_info    0x00009c89      0x3e2 main.o
 .debug_info    0x0000a06b      0x1e6 SYS_CLOCK/sysclock.o

.debug_abbrev   0x00000000     0x4eee
 *(.debug_abbrev)
 .debug_abbrev  0x00000000     0x3b0e C:/Program Files (x86)/Atmel/Studio/7.0/Packs/atmel/XMEGAA_DFP/1.2.141/gcc/dev/atxmega128a1u/avrxmega7/crtatxmega128a1u.o
 .debug_abbrev  0x00003b0e      0x18e BLUETOOTH/DATA/data.o
 .debug_abbrev  0x00003c9c      0x132 BLUETOOTH/FRAMES/frame.o
 .debug_abbrev  0x00003dce      0x233 BLUETOOTH/HC05/hc05.o
 .debug_abbrev  0x00004001      0x16a BLUETOOTH/USART/BUFFER/buffer.o
 .debug_abbrev  0x0000416b      0x1fd BLUETOOTH/USART/usart.o
 .debug_abbrev  0x00004368      0x463 CONTROL/DRIVERS/drivers.o
 .debug_abbrev  0x000047cb      0x24d CONTROL/WORK/work.o
 .debug_abbrev  0x00004a18      0x209 HMI/DISPLAY/oled_SSD1306.o
 .debug_abbrev  0x00004c21       0xed HMI/TWI_BUS/twi.o
 .debug_abbrev  0x00004d0e      0x143 main.o
 .debug_abbrev  0x00004e51       0x9d SYS_CLOCK/sysclock.o

.debug_line     0x00000000     0x2b2b
 *(.debug_line .debug_line.* .debug_line_end)
 .debug_line    0x00000000      0x3b5 C:/Program Files (x86)/Atmel/Studio/7.0/Packs/atmel/XMEGAA_DFP/1.2.141/gcc/dev/atxmega128a1u/avrxmega7/crtatxmega128a1u.o
 .debug_line    0x000003b5      0x341 BLUETOOTH/DATA/data.o
 .debug_line    0x000006f6      0x262 BLUETOOTH/FRAMES/frame.o
 .debug_line    0x00000958      0x3f7 BLUETOOTH/HC05/hc05.o
 .debug_line    0x00000d4f      0x224 BLUETOOTH/USART/BUFFER/buffer.o
 .debug_line    0x00000f73      0x2c0 BLUETOOTH/USART/usart.o
 .debug_line    0x00001233      0x980 CONTROL/DRIVERS/drivers.o
 .debug_line    0x00001bb3      0x2e7 CONTROL/WORK/work.o
 .debug_line    0x00001e9a      0x7cb HMI/DISPLAY/oled_SSD1306.o
 .debug_line    0x00002665      0x186 HMI/TWI_BUS/twi.o
 .debug_line    0x000027eb      0x1ef main.o
 .debug_line    0x000029da      0x151 SYS_CLOCK/sysclock.o

.debug_frame    0x00000000      0xd64
 *(.debug_frame)
 .debug_frame   0x00000000      0x16c BLUETOOTH/DATA/data.o
 .debug_frame   0x0000016c       0x80 BLUETOOTH/FRAMES/frame.o
 .debug_frame   0x000001ec       0x6c BLUETOOTH/HC05/hc05.o
 .debug_frame   0x00000258       0x90 BLUETOOTH/USART/BUFFER/buffer.o
 .debug_frame   0x000002e8       0xcc BLUETOOTH/USART/usart.o
 .debug_frame   0x000003b4      0x438 CONTROL/DRIVERS/drivers.o
 .debug_frame   0x000007ec      0x100 CONTROL/WORK/work.o
 .debug_frame   0x000008ec      0x3cc HMI/DISPLAY/oled_SSD1306.o
 .debug_frame   0x00000cb8       0x54 HMI/TWI_BUS/twi.o
 .debug_frame   0x00000d0c       0x24 main.o
 .debug_frame   0x00000d30       0x34 SYS_CLOCK/sysclock.o

.debug_str      0x00000000     0x41bb
 *(.debug_str)
 .debug_str     0x00000000     0x2969 C:/Program Files (x86)/Atmel/Studio/7.0/Packs/atmel/XMEGAA_DFP/1.2.141/gcc/dev/atxmega128a1u/avrxmega7/crtatxmega128a1u.o
 .debug_str     0x00002969      0x38a BLUETOOTH/DATA/data.o
                                0x3f7 (size before relaxing)
 .debug_str     0x00002cf3       0xe8 BLUETOOTH/FRAMES/frame.o
                                0x2e9 (size before relaxing)
 .debug_str     0x00002ddb      0x229 BLUETOOTH/HC05/hc05.o
                                0x540 (size before relaxing)
 .debug_str     0x00003004       0x4e BLUETOOTH/USART/BUFFER/buffer.o
                                0x279 (size before relaxing)
 .debug_str     0x00003052      0x1a7 BLUETOOTH/USART/usart.o
                                0x4f4 (size before relaxing)
 .debug_str     0x000031f9      0x898 CONTROL/DRIVERS/drivers.o
                                0xbc4 (size before relaxing)
 .debug_str     0x00003a91      0x10a CONTROL/WORK/work.o
                                0x6d9 (size before relaxing)
 .debug_str     0x00003b9b      0x324 HMI/DISPLAY/oled_SSD1306.o
                                0x50a (size before relaxing)
 .debug_str     0x00003ebf      0x1b4 HMI/TWI_BUS/twi.o
                                0x410 (size before relaxing)
 .debug_str     0x00004073       0x24 main.o
                                0x346 (size before relaxing)
 .debug_str     0x00004097      0x124 SYS_CLOCK/sysclock.o
                                0x2e0 (size before relaxing)

.debug_loc      0x00000000     0x3b3f
 *(.debug_loc)
 .debug_loc     0x00000000      0x58f BLUETOOTH/DATA/data.o
 .debug_loc     0x0000058f      0x1c7 BLUETOOTH/FRAMES/frame.o
 .debug_loc     0x00000756      0x350 BLUETOOTH/HC05/hc05.o
 .debug_loc     0x00000aa6      0x257 BLUETOOTH/USART/BUFFER/buffer.o
 .debug_loc     0x00000cfd      0x264 BLUETOOTH/USART/usart.o
 .debug_loc     0x00000f61     0x125c CONTROL/DRIVERS/drivers.o
 .debug_loc     0x000021bd      0x2ed CONTROL/WORK/work.o
 .debug_loc     0x000024aa     0x166d HMI/DISPLAY/oled_SSD1306.o
 .debug_loc     0x00003b17       0x28 HMI/TWI_BUS/twi.o

.debug_macinfo
 *(.debug_macinfo)

.debug_weaknames
 *(.debug_weaknames)

.debug_funcnames
 *(.debug_funcnames)

.debug_typenames
 *(.debug_typenames)

.debug_varnames
 *(.debug_varnames)

.debug_pubtypes
 *(.debug_pubtypes)

.debug_ranges   0x00000000      0x358
 *(.debug_ranges)
 .debug_ranges  0x00000000       0x68 BLUETOOTH/DATA/data.o
 .debug_ranges  0x00000068       0x28 BLUETOOTH/FRAMES/frame.o
 .debug_ranges  0x00000090       0x28 BLUETOOTH/HC05/hc05.o
 .debug_ranges  0x000000b8       0x28 BLUETOOTH/USART/BUFFER/buffer.o
 .debug_ranges  0x000000e0       0x30 BLUETOOTH/USART/usart.o
 .debug_ranges  0x00000110      0x108 CONTROL/DRIVERS/drivers.o
 .debug_ranges  0x00000218       0x48 CONTROL/WORK/work.o
 .debug_ranges  0x00000260       0xa8 HMI/DISPLAY/oled_SSD1306.o
 .debug_ranges  0x00000308       0x28 HMI/TWI_BUS/twi.o
 .debug_ranges  0x00000330       0x10 main.o
 .debug_ranges  0x00000340       0x18 SYS_CLOCK/sysclock.o

.debug_macro
 *(.debug_macro)
OUTPUT(RobotArmTest.elf elf32-avr)
LOAD linker stubs
