Archive member included to satisfy reference by file (symbol)

c:/program files (x86)/atmel/studio/7.0/toolchain/avr8/avr8-gnu-toolchain/bin/../lib/gcc/avr/5.4.0/../../../../avr/lib/avrxmega2\libm.a(addsf3.o)
                              CONTROL/DRIVERS/drivers.o (__subsf3)
c:/program files (x86)/atmel/studio/7.0/toolchain/avr8/avr8-gnu-toolchain/bin/../lib/gcc/avr/5.4.0/../../../../avr/lib/avrxmega2\libm.a(addsf3x.o)
                              c:/program files (x86)/atmel/studio/7.0/toolchain/avr8/avr8-gnu-toolchain/bin/../lib/gcc/avr/5.4.0/../../../../avr/lib/avrxmega2\libm.a(addsf3.o) (__addsf3x)
c:/program files (x86)/atmel/studio/7.0/toolchain/avr8/avr8-gnu-toolchain/bin/../lib/gcc/avr/5.4.0/../../../../avr/lib/avrxmega2\libm.a(divsf3.o)
                              CONTROL/DRIVERS/drivers.o (__divsf3)
c:/program files (x86)/atmel/studio/7.0/toolchain/avr8/avr8-gnu-toolchain/bin/../lib/gcc/avr/5.4.0/../../../../avr/lib/avrxmega2\libm.a(divsf3x.o)
                              c:/program files (x86)/atmel/studio/7.0/toolchain/avr8/avr8-gnu-toolchain/bin/../lib/gcc/avr/5.4.0/../../../../avr/lib/avrxmega2\libm.a(divsf3.o) (__divsf3x)
c:/program files (x86)/atmel/studio/7.0/toolchain/avr8/avr8-gnu-toolchain/bin/../lib/gcc/avr/5.4.0/../../../../avr/lib/avrxmega2\libm.a(fixsfsi.o)
                              CONTROL/DRIVERS/drivers.o (__fixsfsi)
c:/program files (x86)/atmel/studio/7.0/toolchain/avr8/avr8-gnu-toolchain/bin/../lib/gcc/avr/5.4.0/../../../../avr/lib/avrxmega2\libm.a(fixunssfsi.o)
                              CONTROL/DRIVERS/drivers.o (__fixunssfsi)
c:/program files (x86)/atmel/studio/7.0/toolchain/avr8/avr8-gnu-toolchain/bin/../lib/gcc/avr/5.4.0/../../../../avr/lib/avrxmega2\libm.a(floatsisf.o)
                              CONTROL/DRIVERS/drivers.o (__floatunsisf)
c:/program files (x86)/atmel/studio/7.0/toolchain/avr8/avr8-gnu-toolchain/bin/../lib/gcc/avr/5.4.0/../../../../avr/lib/avrxmega2\libm.a(fp_inf.o)
                              c:/program files (x86)/atmel/studio/7.0/toolchain/avr8/avr8-gnu-toolchain/bin/../lib/gcc/avr/5.4.0/../../../../avr/lib/avrxmega2\libm.a(addsf3x.o) (__fp_inf)
c:/program files (x86)/atmel/studio/7.0/toolchain/avr8/avr8-gnu-toolchain/bin/../lib/gcc/avr/5.4.0/../../../../avr/lib/avrxmega2\libm.a(fp_nan.o)
                              c:/program files (x86)/atmel/studio/7.0/toolchain/avr8/avr8-gnu-toolchain/bin/../lib/gcc/avr/5.4.0/../../../../avr/lib/avrxmega2\libm.a(addsf3x.o) (__fp_nan)
c:/program files (x86)/atmel/studio/7.0/toolchain/avr8/avr8-gnu-toolchain/bin/../lib/gcc/avr/5.4.0/../../../../avr/lib/avrxmega2\libm.a(fp_pscA.o)
                              c:/program files (x86)/atmel/studio/7.0/toolchain/avr8/avr8-gnu-toolchain/bin/../lib/gcc/avr/5.4.0/../../../../avr/lib/avrxmega2\libm.a(addsf3x.o) (__fp_pscA)
c:/program files (x86)/atmel/studio/7.0/toolchain/avr8/avr8-gnu-toolchain/bin/../lib/gcc/avr/5.4.0/../../../../avr/lib/avrxmega2\libm.a(fp_pscB.o)
                              c:/program files (x86)/atmel/studio/7.0/toolchain/avr8/avr8-gnu-toolchain/bin/../lib/gcc/avr/5.4.0/../../../../avr/lib/avrxmega2\libm.a(addsf3x.o) (__fp_pscB)
c:/program files (x86)/atmel/studio/7.0/toolchain/avr8/avr8-gnu-toolchain/bin/../lib/gcc/avr/5.4.0/../../../../avr/lib/avrxmega2\libm.a(fp_round.o)
                              c:/program files (x86)/atmel/studio/7.0/toolchain/avr8/avr8-gnu-toolchain/bin/../lib/gcc/avr/5.4.0/../../../../avr/lib/avrxmega2\libm.a(addsf3.o) (__fp_round)
c:/program files (x86)/atmel/studio/7.0/toolchain/avr8/avr8-gnu-toolchain/bin/../lib/gcc/avr/5.4.0/../../../../avr/lib/avrxmega2\libm.a(fp_split3.o)
                              c:/program files (x86)/atmel/studio/7.0/toolchain/avr8/avr8-gnu-toolchain/bin/../lib/gcc/avr/5.4.0/../../../../avr/lib/avrxmega2\libm.a(addsf3x.o) (__fp_split3)
c:/program files (x86)/atmel/studio/7.0/toolchain/avr8/avr8-gnu-toolchain/bin/../lib/gcc/avr/5.4.0/../../../../avr/lib/avrxmega2\libm.a(fp_zero.o)
                              c:/program files (x86)/atmel/studio/7.0/toolchain/avr8/avr8-gnu-toolchain/bin/../lib/gcc/avr/5.4.0/../../../../avr/lib/avrxmega2\libm.a(addsf3x.o) (__fp_zero)
c:/program files (x86)/atmel/studio/7.0/toolchain/avr8/avr8-gnu-toolchain/bin/../lib/gcc/avr/5.4.0/../../../../avr/lib/avrxmega2\libm.a(mulsf3.o)
                              CONTROL/DRIVERS/drivers.o (__mulsf3)
c:/program files (x86)/atmel/studio/7.0/toolchain/avr8/avr8-gnu-toolchain/bin/../lib/gcc/avr/5.4.0/../../../../avr/lib/avrxmega2\libm.a(mulsf3x.o)
                              c:/program files (x86)/atmel/studio/7.0/toolchain/avr8/avr8-gnu-toolchain/bin/../lib/gcc/avr/5.4.0/../../../../avr/lib/avrxmega2\libm.a(mulsf3.o) (__mulsf3x)
c:/program files (x86)/atmel/studio/7.0/toolchain/avr8/avr8-gnu-toolchain/bin/../lib/gcc/avr/5.4.0/avrxmega2\libgcc.a(_exit.o)
                              C:/Program Files (x86)/Atmel/Studio/7.0/Packs/atmel/XMEGAA_DFP/1.2.141/gcc/dev/atxmega16a4u/avrxmega2/crtatxmega16a4u.o (exit)
c:/program files (x86)/atmel/studio/7.0/toolchain/avr8/avr8-gnu-toolchain/bin/../lib/gcc/avr/5.4.0/avrxmega2\libgcc.a(_copy_data.o)
                              BLUETOOTH/DATA/data.o (__do_copy_data)
c:/program files (x86)/atmel/studio/7.0/toolchain/avr8/avr8-gnu-toolchain/bin/../lib/gcc/avr/5.4.0/avrxmega2\libgcc.a(_clear_bss.o)
                              BLUETOOTH/DATA/data.o (__do_clear_bss)
c:/program files (x86)/atmel/studio/7.0/toolchain/avr8/avr8-gnu-toolchain/bin/../lib/gcc/avr/5.4.0/../../../../avr/lib/avrxmega2\libc.a(malloc.o)
                              BLUETOOTH/DATA/data.o (malloc)
c:/program files (x86)/atmel/studio/7.0/toolchain/avr8/avr8-gnu-toolchain/bin/../lib/gcc/avr/5.4.0/../../../../avr/lib/avrxmega2\libc.a(atoi.o)
                              BLUETOOTH/DATA/data.o (atoi)
c:/program files (x86)/atmel/studio/7.0/toolchain/avr8/avr8-gnu-toolchain/bin/../lib/gcc/avr/5.4.0/../../../../avr/lib/avrxmega2\libc.a(strcpy.o)
                              BLUETOOTH/FRAMES/frame.o (strcpy)
c:/program files (x86)/atmel/studio/7.0/toolchain/avr8/avr8-gnu-toolchain/bin/../lib/gcc/avr/5.4.0/../../../../avr/lib/avrxmega2\libc.a(strncmp.o)
                              BLUETOOTH/FRAMES/frame.o (strncmp)
c:/program files (x86)/atmel/studio/7.0/toolchain/avr8/avr8-gnu-toolchain/bin/../lib/gcc/avr/5.4.0/../../../../avr/lib/avrxmega2\libc.a(mul10.o)
                              c:/program files (x86)/atmel/studio/7.0/toolchain/avr8/avr8-gnu-toolchain/bin/../lib/gcc/avr/5.4.0/../../../../avr/lib/avrxmega2\libc.a(atoi.o) (__mulhi_const_10)

Allocating common symbols
Common symbol       size              file

Job                 0x2               BLUETOOTH/DATA/data.o
axisZ               0x2               CONTROL/DRIVERS/drivers.o
gddramBuff          0x400             HMI/DISPLAY/oled_SSD1306.o
drvToRunList        0x2               CONTROL/DRIVERS/drivers.o
__brkval            0x2               c:/program files (x86)/atmel/studio/7.0/toolchain/avr8/avr8-gnu-toolchain/bin/../lib/gcc/avr/5.4.0/../../../../avr/lib/avrxmega2\libc.a(malloc.o)
axisA               0x2               CONTROL/DRIVERS/drivers.o
axisB               0x2               CONTROL/DRIVERS/drivers.o
axisG               0x2               CONTROL/DRIVERS/drivers.o
SendingString       0x2               BLUETOOTH/USART/usart.o
axisT               0x2               CONTROL/DRIVERS/drivers.o
__flp               0x2               c:/program files (x86)/atmel/studio/7.0/toolchain/avr8/avr8-gnu-toolchain/bin/../lib/gcc/avr/5.4.0/../../../../avr/lib/avrxmega2\libc.a(malloc.o)
ReceivedChars       0x10              BLUETOOTH/USART/usart.o
axisC               0x2               CONTROL/DRIVERS/drivers.o
ReceivedString      0x2               BLUETOOTH/USART/usart.o

Discarded input sections

 .data          0x00000000        0x0 C:/Program Files (x86)/Atmel/Studio/7.0/Packs/atmel/XMEGAA_DFP/1.2.141/gcc/dev/atxmega16a4u/avrxmega2/crtatxmega16a4u.o
 .bss           0x00000000        0x0 C:/Program Files (x86)/Atmel/Studio/7.0/Packs/atmel/XMEGAA_DFP/1.2.141/gcc/dev/atxmega16a4u/avrxmega2/crtatxmega16a4u.o
 .text          0x00000000        0x0 BLUETOOTH/DATA/data.o
 .data          0x00000000        0x0 BLUETOOTH/DATA/data.o
 .bss           0x00000000        0x0 BLUETOOTH/DATA/data.o
 .text.Data_GetTaskFromList
                0x00000000       0x18 BLUETOOTH/DATA/data.o
 .text.Data_GetMoveFromList
                0x00000000       0x18 BLUETOOTH/DATA/data.o
 .text.Data_DeleteElementFromList
                0x00000000       0x50 BLUETOOTH/DATA/data.o
 .text.Data_ClearList
                0x00000000       0x2a BLUETOOTH/DATA/data.o
 .text.Data_DeleteList
                0x00000000        0xa BLUETOOTH/DATA/data.o
 .text.Data_ClearJob
                0x00000000       0x4a BLUETOOTH/DATA/data.o
 .text          0x00000000        0x0 BLUETOOTH/FRAMES/frame.o
 .data          0x00000000        0x0 BLUETOOTH/FRAMES/frame.o
 .bss           0x00000000        0x0 BLUETOOTH/FRAMES/frame.o
 .bss.SendingFrame
                0x00000000        0x2 BLUETOOTH/FRAMES/frame.o
 .text          0x00000000        0x0 BLUETOOTH/HC05/hc05.o
 .data          0x00000000        0x0 BLUETOOTH/HC05/hc05.o
 .bss           0x00000000        0x0 BLUETOOTH/HC05/hc05.o
 .text          0x00000000        0x0 BLUETOOTH/USART/BUFFER/buffer.o
 .data          0x00000000        0x0 BLUETOOTH/USART/BUFFER/buffer.o
 .bss           0x00000000        0x0 BLUETOOTH/USART/BUFFER/buffer.o
 .bss.SendingBuffer
                0x00000000        0x2 BLUETOOTH/USART/BUFFER/buffer.o
 .text          0x00000000        0x0 BLUETOOTH/USART/usart.o
 .data          0x00000000        0x0 BLUETOOTH/USART/usart.o
 .bss           0x00000000        0x0 BLUETOOTH/USART/usart.o
 .text          0x00000000        0x0 CONTROL/DRIVERS/drivers.o
 .data          0x00000000        0x0 CONTROL/DRIVERS/drivers.o
 .bss           0x00000000        0x0 CONTROL/DRIVERS/drivers.o
 .text.Driver_ConvertAngleToStep
                0x00000000       0x72 CONTROL/DRIVERS/drivers.o
 .text.Driver_StartStepperDriver
                0x00000000       0x62 CONTROL/DRIVERS/drivers.o
 .text.Driver_StartServoDriver
                0x00000000       0x28 CONTROL/DRIVERS/drivers.o
 .text.Driver_StopStepperDriver
                0x00000000       0x12 CONTROL/DRIVERS/drivers.o
 .text.Driver_StopServoDriver
                0x00000000       0x4a CONTROL/DRIVERS/drivers.o
 .text.Driver_ConvertAngleToPwm
                0x00000000       0x2c CONTROL/DRIVERS/drivers.o
 .text.Driver_FreeStepper
                0x00000000       0x22 CONTROL/DRIVERS/drivers.o
 .text.Driver_StepperDriverInit
                0x00000000       0xd8 CONTROL/DRIVERS/drivers.o
 .text.Driver_ServoDriverInit
                0x00000000       0xc6 CONTROL/DRIVERS/drivers.o
 .text.Driver_SetStepperSpeed
                0x00000000       0xa4 CONTROL/DRIVERS/drivers.o
 .text.Driver_SetStepperParameters
                0x00000000       0x2c CONTROL/DRIVERS/drivers.o
 .text.Driver_SetServoParameters
                0x00000000       0x18 CONTROL/DRIVERS/drivers.o
 .text.Driver_ToRunListInit
                0x00000000       0x14 CONTROL/DRIVERS/drivers.o
 .text.Driver_AxisInit
                0x00000000      0x104 CONTROL/DRIVERS/drivers.o
 .text.Driver_ToRunItemInit
                0x00000000       0x1e CONTROL/DRIVERS/drivers.o
 .text.Driver_ToRunDrvInit
                0x00000000       0x22 CONTROL/DRIVERS/drivers.o
 .text.Driver_ToRunListAdd
                0x00000000       0x3e CONTROL/DRIVERS/drivers.o
 .text.Driver_SetDriverParameters
                0x00000000      0x124 CONTROL/DRIVERS/drivers.o
 .text.Driver_ToRunListGet
                0x00000000       0xa6 CONTROL/DRIVERS/drivers.o
 .text.Driver_RunTaskAxes
                0x00000000       0x76 CONTROL/DRIVERS/drivers.o
 .text          0x00000000        0x0 CONTROL/WORK/work.o
 .data          0x00000000        0x0 CONTROL/WORK/work.o
 .bss           0x00000000        0x0 CONTROL/WORK/work.o
 .text.Work_TimerStart
                0x00000000        0x8 CONTROL/WORK/work.o
 .text.Work_TimerStop
                0x00000000        0x6 CONTROL/WORK/work.o
 .text.Work_TimerInit
                0x00000000       0x2c CONTROL/WORK/work.o
 .text.Work_GetParameters
                0x00000000       0x34 CONTROL/WORK/work.o
 .rodata.str1.1
                0x00000000        0x7 CONTROL/WORK/work.o
 .text.Work_RunTask
                0x00000000       0x5e CONTROL/WORK/work.o
 .bss.IsTaskInProgress
                0x00000000        0x1 CONTROL/WORK/work.o
 .bss.IsJobInProgress
                0x00000000        0x1 CONTROL/WORK/work.o
 .text          0x00000000        0x0 HMI/DISPLAY/fonts.o
 .data          0x00000000        0x0 HMI/DISPLAY/fonts.o
 .bss           0x00000000        0x0 HMI/DISPLAY/fonts.o
 .progmemx.data.rotationLeftImg
                0x00000000       0xae HMI/DISPLAY/fonts.o
 .progmemx.data.rotationRightImg
                0x00000000       0xae HMI/DISPLAY/fonts.o
 .progmemx.data.arrowsImg
                0x00000000       0x82 HMI/DISPLAY/fonts.o
 .progmemx.data.grappleOpenImg
                0x00000000       0xae HMI/DISPLAY/fonts.o
 .progmemx.data.grappleClosedImg
                0x00000000       0xae HMI/DISPLAY/fonts.o
 .progmemx.data.arrowRightImg
                0x00000000        0xa HMI/DISPLAY/fonts.o
 .progmemx.data.arrowLeftImg
                0x00000000        0xa HMI/DISPLAY/fonts.o
 .progmemx.data.arrowDownImg
                0x00000000        0xa HMI/DISPLAY/fonts.o
 .progmemx.data.arrowUpImg
                0x00000000        0xa HMI/DISPLAY/fonts.o
 .progmemx.data.clrScrImg
                0x00000000      0x302 HMI/DISPLAY/fonts.o
 .progmemx.data.splashImg
                0x00000000      0x282 HMI/DISPLAY/fonts.o
 .progmemx.data.lightingImg
                0x00000000       0x22 HMI/DISPLAY/fonts.o
 .progmemx.data.font7x5
                0x00000000      0x300 HMI/DISPLAY/fonts.o
 .debug_info    0x00000000      0x163 HMI/DISPLAY/fonts.o
 .debug_abbrev  0x00000000       0x4d HMI/DISPLAY/fonts.o
 .debug_aranges
                0x00000000       0x18 HMI/DISPLAY/fonts.o
 .debug_line    0x00000000       0x34 HMI/DISPLAY/fonts.o
 .debug_str     0x00000000      0x256 HMI/DISPLAY/fonts.o
 .comment       0x00000000       0x31 HMI/DISPLAY/fonts.o
 .text          0x00000000        0x0 HMI/DISPLAY/oled_SSD1306.o
 .data          0x00000000        0x0 HMI/DISPLAY/oled_SSD1306.o
 .bss           0x00000000        0x0 HMI/DISPLAY/oled_SSD1306.o
 .text.ssd1306SendCmdNoPar
                0x00000000       0x3c HMI/DISPLAY/oled_SSD1306.o
 .text.ssd1306SendCmdOnePar
                0x00000000       0x4a HMI/DISPLAY/oled_SSD1306.o
 .text.ssd1306DispOff
                0x00000000       0x20 HMI/DISPLAY/oled_SSD1306.o
 .text.ssd1306DispOn
                0x00000000       0x20 HMI/DISPLAY/oled_SSD1306.o
 .text.ssd1306Init
                0x00000000       0x64 HMI/DISPLAY/oled_SSD1306.o
 .text.ssd1306SendCmdManyPar
                0x00000000       0x5a HMI/DISPLAY/oled_SSD1306.o
 .text.ssd1306SendByte
                0x00000000       0x2c HMI/DISPLAY/oled_SSD1306.o
 .text.ssd1306Locate
                0x00000000       0x36 HMI/DISPLAY/oled_SSD1306.o
 .text.ssd1306Fill
                0x00000000       0x76 HMI/DISPLAY/oled_SSD1306.o
 .text.ssd1306FillArea
                0x00000000       0x98 HMI/DISPLAY/oled_SSD1306.o
 .text.ssd1306FillAreaFromFlash
                0x00000000       0xbe HMI/DISPLAY/oled_SSD1306.o
 .text.ssd1306FillFromFash
                0x00000000       0x8a HMI/DISPLAY/oled_SSD1306.o
 .text.ssd1306ClrScr
                0x00000000       0x58 HMI/DISPLAY/oled_SSD1306.o
 .text.ssd1306WriteTxt
                0x00000000       0xfa HMI/DISPLAY/oled_SSD1306.o
 .text.ssd1306SetPixel
                0x00000000       0x3a HMI/DISPLAY/oled_SSD1306.o
 .text.ssd1306ClrPixel
                0x00000000       0x20 HMI/DISPLAY/oled_SSD1306.o
 .text.createGpoint
                0x00000000       0x32 HMI/DISPLAY/oled_SSD1306.o
 .text.creatrTpoint
                0x00000000       0x32 HMI/DISPLAY/oled_SSD1306.o
 .text.ssd1306DrawLine
                0x00000000      0x134 HMI/DISPLAY/oled_SSD1306.o
 .text.ssd1306DrawRectangle
                0x00000000       0xae HMI/DISPLAY/oled_SSD1306.o
 .debug_info    0x00000000     0x12de HMI/DISPLAY/oled_SSD1306.o
 .debug_abbrev  0x00000000      0x209 HMI/DISPLAY/oled_SSD1306.o
 .debug_loc     0x00000000     0x165d HMI/DISPLAY/oled_SSD1306.o
 .debug_aranges
                0x00000000       0xb8 HMI/DISPLAY/oled_SSD1306.o
 .debug_ranges  0x00000000       0xa8 HMI/DISPLAY/oled_SSD1306.o
 .debug_line    0x00000000      0x7ca HMI/DISPLAY/oled_SSD1306.o
 .debug_str     0x00000000      0x50e HMI/DISPLAY/oled_SSD1306.o
 .comment       0x00000000       0x31 HMI/DISPLAY/oled_SSD1306.o
 .debug_frame   0x00000000      0x3cc HMI/DISPLAY/oled_SSD1306.o
 COMMON         0x00000000      0x400 HMI/DISPLAY/oled_SSD1306.o
 .text          0x00000000        0x0 HMI/TWI_BUS/twi.o
 .data          0x00000000        0x0 HMI/TWI_BUS/twi.o
 .bss           0x00000000        0x0 HMI/TWI_BUS/twi.o
 .text.twiMasterInit
                0x00000000       0x1e HMI/TWI_BUS/twi.o
 .text.twiSendAddress
                0x00000000        0xc HMI/TWI_BUS/twi.o
 .text.twiSendData
                0x00000000        0xc HMI/TWI_BUS/twi.o
 .text.twiStop  0x00000000        0xa HMI/TWI_BUS/twi.o
 .debug_info    0x00000000      0x31a HMI/TWI_BUS/twi.o
 .debug_abbrev  0x00000000       0xed HMI/TWI_BUS/twi.o
 .debug_loc     0x00000000       0x28 HMI/TWI_BUS/twi.o
 .debug_aranges
                0x00000000       0x38 HMI/TWI_BUS/twi.o
 .debug_ranges  0x00000000       0x28 HMI/TWI_BUS/twi.o
 .debug_line    0x00000000      0x185 HMI/TWI_BUS/twi.o
 .debug_str     0x00000000      0x414 HMI/TWI_BUS/twi.o
 .comment       0x00000000       0x31 HMI/TWI_BUS/twi.o
 .debug_frame   0x00000000       0x54 HMI/TWI_BUS/twi.o
 .text          0x00000000        0x0 main.o
 .data          0x00000000        0x0 main.o
 .bss           0x00000000        0x0 main.o
 .text          0x00000000        0x0 SYS_CLOCK/sysclock.o
 .data          0x00000000        0x0 SYS_CLOCK/sysclock.o
 .bss           0x00000000        0x0 SYS_CLOCK/sysclock.o
 .text.ClkSys2MHz
                0x00000000       0x18 SYS_CLOCK/sysclock.o
 .text          0x00000000        0x0 c:/program files (x86)/atmel/studio/7.0/toolchain/avr8/avr8-gnu-toolchain/bin/../lib/gcc/avr/5.4.0/../../../../avr/lib/avrxmega2\libm.a(addsf3.o)
 .data          0x00000000        0x0 c:/program files (x86)/atmel/studio/7.0/toolchain/avr8/avr8-gnu-toolchain/bin/../lib/gcc/avr/5.4.0/../../../../avr/lib/avrxmega2\libm.a(addsf3.o)
 .bss           0x00000000        0x0 c:/program files (x86)/atmel/studio/7.0/toolchain/avr8/avr8-gnu-toolchain/bin/../lib/gcc/avr/5.4.0/../../../../avr/lib/avrxmega2\libm.a(addsf3.o)
 .text.avr-libc.fplib
                0x00000000        0xe c:/program files (x86)/atmel/studio/7.0/toolchain/avr8/avr8-gnu-toolchain/bin/../lib/gcc/avr/5.4.0/../../../../avr/lib/avrxmega2\libm.a(addsf3.o)
 .text          0x00000000        0x0 c:/program files (x86)/atmel/studio/7.0/toolchain/avr8/avr8-gnu-toolchain/bin/../lib/gcc/avr/5.4.0/../../../../avr/lib/avrxmega2\libm.a(addsf3x.o)
 .data          0x00000000        0x0 c:/program files (x86)/atmel/studio/7.0/toolchain/avr8/avr8-gnu-toolchain/bin/../lib/gcc/avr/5.4.0/../../../../avr/lib/avrxmega2\libm.a(addsf3x.o)
 .bss           0x00000000        0x0 c:/program files (x86)/atmel/studio/7.0/toolchain/avr8/avr8-gnu-toolchain/bin/../lib/gcc/avr/5.4.0/../../../../avr/lib/avrxmega2\libm.a(addsf3x.o)
 .text.avr-libc.fplib
                0x00000000       0xcc c:/program files (x86)/atmel/studio/7.0/toolchain/avr8/avr8-gnu-toolchain/bin/../lib/gcc/avr/5.4.0/../../../../avr/lib/avrxmega2\libm.a(addsf3x.o)
 .text          0x00000000        0x0 c:/program files (x86)/atmel/studio/7.0/toolchain/avr8/avr8-gnu-toolchain/bin/../lib/gcc/avr/5.4.0/../../../../avr/lib/avrxmega2\libm.a(divsf3.o)
 .data          0x00000000        0x0 c:/program files (x86)/atmel/studio/7.0/toolchain/avr8/avr8-gnu-toolchain/bin/../lib/gcc/avr/5.4.0/../../../../avr/lib/avrxmega2\libm.a(divsf3.o)
 .bss           0x00000000        0x0 c:/program files (x86)/atmel/studio/7.0/toolchain/avr8/avr8-gnu-toolchain/bin/../lib/gcc/avr/5.4.0/../../../../avr/lib/avrxmega2\libm.a(divsf3.o)
 .text.avr-libc.fplib
                0x00000000        0x8 c:/program files (x86)/atmel/studio/7.0/toolchain/avr8/avr8-gnu-toolchain/bin/../lib/gcc/avr/5.4.0/../../../../avr/lib/avrxmega2\libm.a(divsf3.o)
 .text          0x00000000        0x0 c:/program files (x86)/atmel/studio/7.0/toolchain/avr8/avr8-gnu-toolchain/bin/../lib/gcc/avr/5.4.0/../../../../avr/lib/avrxmega2\libm.a(divsf3x.o)
 .data          0x00000000        0x0 c:/program files (x86)/atmel/studio/7.0/toolchain/avr8/avr8-gnu-toolchain/bin/../lib/gcc/avr/5.4.0/../../../../avr/lib/avrxmega2\libm.a(divsf3x.o)
 .bss           0x00000000        0x0 c:/program files (x86)/atmel/studio/7.0/toolchain/avr8/avr8-gnu-toolchain/bin/../lib/gcc/avr/5.4.0/../../../../avr/lib/avrxmega2\libm.a(divsf3x.o)
 .text.avr-libc.fplib
                0x00000000       0xdc c:/program files (x86)/atmel/studio/7.0/toolchain/avr8/avr8-gnu-toolchain/bin/../lib/gcc/avr/5.4.0/../../../../avr/lib/avrxmega2\libm.a(divsf3x.o)
 .text          0x00000000        0x0 c:/program files (x86)/atmel/studio/7.0/toolchain/avr8/avr8-gnu-toolchain/bin/../lib/gcc/avr/5.4.0/../../../../avr/lib/avrxmega2\libm.a(fixsfsi.o)
 .data          0x00000000        0x0 c:/program files (x86)/atmel/studio/7.0/toolchain/avr8/avr8-gnu-toolchain/bin/../lib/gcc/avr/5.4.0/../../../../avr/lib/avrxmega2\libm.a(fixsfsi.o)
 .bss           0x00000000        0x0 c:/program files (x86)/atmel/studio/7.0/toolchain/avr8/avr8-gnu-toolchain/bin/../lib/gcc/avr/5.4.0/../../../../avr/lib/avrxmega2\libm.a(fixsfsi.o)
 .text.avr-libc.fplib
                0x00000000        0xe c:/program files (x86)/atmel/studio/7.0/toolchain/avr8/avr8-gnu-toolchain/bin/../lib/gcc/avr/5.4.0/../../../../avr/lib/avrxmega2\libm.a(fixsfsi.o)
 .text          0x00000000        0x0 c:/program files (x86)/atmel/studio/7.0/toolchain/avr8/avr8-gnu-toolchain/bin/../lib/gcc/avr/5.4.0/../../../../avr/lib/avrxmega2\libm.a(fixunssfsi.o)
 .data          0x00000000        0x0 c:/program files (x86)/atmel/studio/7.0/toolchain/avr8/avr8-gnu-toolchain/bin/../lib/gcc/avr/5.4.0/../../../../avr/lib/avrxmega2\libm.a(fixunssfsi.o)
 .bss           0x00000000        0x0 c:/program files (x86)/atmel/studio/7.0/toolchain/avr8/avr8-gnu-toolchain/bin/../lib/gcc/avr/5.4.0/../../../../avr/lib/avrxmega2\libm.a(fixunssfsi.o)
 .text.avr-libc.fplib
                0x00000000       0x5e c:/program files (x86)/atmel/studio/7.0/toolchain/avr8/avr8-gnu-toolchain/bin/../lib/gcc/avr/5.4.0/../../../../avr/lib/avrxmega2\libm.a(fixunssfsi.o)
 .text          0x00000000        0x0 c:/program files (x86)/atmel/studio/7.0/toolchain/avr8/avr8-gnu-toolchain/bin/../lib/gcc/avr/5.4.0/../../../../avr/lib/avrxmega2\libm.a(floatsisf.o)
 .data          0x00000000        0x0 c:/program files (x86)/atmel/studio/7.0/toolchain/avr8/avr8-gnu-toolchain/bin/../lib/gcc/avr/5.4.0/../../../../avr/lib/avrxmega2\libm.a(floatsisf.o)
 .bss           0x00000000        0x0 c:/program files (x86)/atmel/studio/7.0/toolchain/avr8/avr8-gnu-toolchain/bin/../lib/gcc/avr/5.4.0/../../../../avr/lib/avrxmega2\libm.a(floatsisf.o)
 .text.avr-libc.fplib
                0x00000000       0x7a c:/program files (x86)/atmel/studio/7.0/toolchain/avr8/avr8-gnu-toolchain/bin/../lib/gcc/avr/5.4.0/../../../../avr/lib/avrxmega2\libm.a(floatsisf.o)
 .text          0x00000000        0x0 c:/program files (x86)/atmel/studio/7.0/toolchain/avr8/avr8-gnu-toolchain/bin/../lib/gcc/avr/5.4.0/../../../../avr/lib/avrxmega2\libm.a(fp_inf.o)
 .data          0x00000000        0x0 c:/program files (x86)/atmel/studio/7.0/toolchain/avr8/avr8-gnu-toolchain/bin/../lib/gcc/avr/5.4.0/../../../../avr/lib/avrxmega2\libm.a(fp_inf.o)
 .bss           0x00000000        0x0 c:/program files (x86)/atmel/studio/7.0/toolchain/avr8/avr8-gnu-toolchain/bin/../lib/gcc/avr/5.4.0/../../../../avr/lib/avrxmega2\libm.a(fp_inf.o)
 .text.avr-libc.fplib
                0x00000000        0xc c:/program files (x86)/atmel/studio/7.0/toolchain/avr8/avr8-gnu-toolchain/bin/../lib/gcc/avr/5.4.0/../../../../avr/lib/avrxmega2\libm.a(fp_inf.o)
 .text          0x00000000        0x0 c:/program files (x86)/atmel/studio/7.0/toolchain/avr8/avr8-gnu-toolchain/bin/../lib/gcc/avr/5.4.0/../../../../avr/lib/avrxmega2\libm.a(fp_nan.o)
 .data          0x00000000        0x0 c:/program files (x86)/atmel/studio/7.0/toolchain/avr8/avr8-gnu-toolchain/bin/../lib/gcc/avr/5.4.0/../../../../avr/lib/avrxmega2\libm.a(fp_nan.o)
 .bss           0x00000000        0x0 c:/program files (x86)/atmel/studio/7.0/toolchain/avr8/avr8-gnu-toolchain/bin/../lib/gcc/avr/5.4.0/../../../../avr/lib/avrxmega2\libm.a(fp_nan.o)
 .text.avr-libc.fplib
                0x00000000        0x6 c:/program files (x86)/atmel/studio/7.0/toolchain/avr8/avr8-gnu-toolchain/bin/../lib/gcc/avr/5.4.0/../../../../avr/lib/avrxmega2\libm.a(fp_nan.o)
 .text          0x00000000        0x0 c:/program files (x86)/atmel/studio/7.0/toolchain/avr8/avr8-gnu-toolchain/bin/../lib/gcc/avr/5.4.0/../../../../avr/lib/avrxmega2\libm.a(fp_pscA.o)
 .data          0x00000000        0x0 c:/program files (x86)/atmel/studio/7.0/toolchain/avr8/avr8-gnu-toolchain/bin/../lib/gcc/avr/5.4.0/../../../../avr/lib/avrxmega2\libm.a(fp_pscA.o)
 .bss           0x00000000        0x0 c:/program files (x86)/atmel/studio/7.0/toolchain/avr8/avr8-gnu-toolchain/bin/../lib/gcc/avr/5.4.0/../../../../avr/lib/avrxmega2\libm.a(fp_pscA.o)
 .text.avr-libc.fplib
                0x00000000        0xe c:/program files (x86)/atmel/studio/7.0/toolchain/avr8/avr8-gnu-toolchain/bin/../lib/gcc/avr/5.4.0/../../../../avr/lib/avrxmega2\libm.a(fp_pscA.o)
 .text          0x00000000        0x0 c:/program files (x86)/atmel/studio/7.0/toolchain/avr8/avr8-gnu-toolchain/bin/../lib/gcc/avr/5.4.0/../../../../avr/lib/avrxmega2\libm.a(fp_pscB.o)
 .data          0x00000000        0x0 c:/program files (x86)/atmel/studio/7.0/toolchain/avr8/avr8-gnu-toolchain/bin/../lib/gcc/avr/5.4.0/../../../../avr/lib/avrxmega2\libm.a(fp_pscB.o)
 .bss           0x00000000        0x0 c:/program files (x86)/atmel/studio/7.0/toolchain/avr8/avr8-gnu-toolchain/bin/../lib/gcc/avr/5.4.0/../../../../avr/lib/avrxmega2\libm.a(fp_pscB.o)
 .text.avr-libc.fplib
                0x00000000        0xe c:/program files (x86)/atmel/studio/7.0/toolchain/avr8/avr8-gnu-toolchain/bin/../lib/gcc/avr/5.4.0/../../../../avr/lib/avrxmega2\libm.a(fp_pscB.o)
 .text          0x00000000        0x0 c:/program files (x86)/atmel/studio/7.0/toolchain/avr8/avr8-gnu-toolchain/bin/../lib/gcc/avr/5.4.0/../../../../avr/lib/avrxmega2\libm.a(fp_round.o)
 .data          0x00000000        0x0 c:/program files (x86)/atmel/studio/7.0/toolchain/avr8/avr8-gnu-toolchain/bin/../lib/gcc/avr/5.4.0/../../../../avr/lib/avrxmega2\libm.a(fp_round.o)
 .bss           0x00000000        0x0 c:/program files (x86)/atmel/studio/7.0/toolchain/avr8/avr8-gnu-toolchain/bin/../lib/gcc/avr/5.4.0/../../../../avr/lib/avrxmega2\libm.a(fp_round.o)
 .text.avr-libc.fplib
                0x00000000       0x22 c:/program files (x86)/atmel/studio/7.0/toolchain/avr8/avr8-gnu-toolchain/bin/../lib/gcc/avr/5.4.0/../../../../avr/lib/avrxmega2\libm.a(fp_round.o)
 .text          0x00000000        0x0 c:/program files (x86)/atmel/studio/7.0/toolchain/avr8/avr8-gnu-toolchain/bin/../lib/gcc/avr/5.4.0/../../../../avr/lib/avrxmega2\libm.a(fp_split3.o)
 .data          0x00000000        0x0 c:/program files (x86)/atmel/studio/7.0/toolchain/avr8/avr8-gnu-toolchain/bin/../lib/gcc/avr/5.4.0/../../../../avr/lib/avrxmega2\libm.a(fp_split3.o)
 .bss           0x00000000        0x0 c:/program files (x86)/atmel/studio/7.0/toolchain/avr8/avr8-gnu-toolchain/bin/../lib/gcc/avr/5.4.0/../../../../avr/lib/avrxmega2\libm.a(fp_split3.o)
 .text.avr-libc.fplib
                0x00000000       0x44 c:/program files (x86)/atmel/studio/7.0/toolchain/avr8/avr8-gnu-toolchain/bin/../lib/gcc/avr/5.4.0/../../../../avr/lib/avrxmega2\libm.a(fp_split3.o)
 .text          0x00000000        0x0 c:/program files (x86)/atmel/studio/7.0/toolchain/avr8/avr8-gnu-toolchain/bin/../lib/gcc/avr/5.4.0/../../../../avr/lib/avrxmega2\libm.a(fp_zero.o)
 .data          0x00000000        0x0 c:/program files (x86)/atmel/studio/7.0/toolchain/avr8/avr8-gnu-toolchain/bin/../lib/gcc/avr/5.4.0/../../../../avr/lib/avrxmega2\libm.a(fp_zero.o)
 .bss           0x00000000        0x0 c:/program files (x86)/atmel/studio/7.0/toolchain/avr8/avr8-gnu-toolchain/bin/../lib/gcc/avr/5.4.0/../../../../avr/lib/avrxmega2\libm.a(fp_zero.o)
 .text.avr-libc.fplib
                0x00000000        0xe c:/program files (x86)/atmel/studio/7.0/toolchain/avr8/avr8-gnu-toolchain/bin/../lib/gcc/avr/5.4.0/../../../../avr/lib/avrxmega2\libm.a(fp_zero.o)
 .text          0x00000000        0x0 c:/program files (x86)/atmel/studio/7.0/toolchain/avr8/avr8-gnu-toolchain/bin/../lib/gcc/avr/5.4.0/../../../../avr/lib/avrxmega2\libm.a(mulsf3.o)
 .data          0x00000000        0x0 c:/program files (x86)/atmel/studio/7.0/toolchain/avr8/avr8-gnu-toolchain/bin/../lib/gcc/avr/5.4.0/../../../../avr/lib/avrxmega2\libm.a(mulsf3.o)
 .bss           0x00000000        0x0 c:/program files (x86)/atmel/studio/7.0/toolchain/avr8/avr8-gnu-toolchain/bin/../lib/gcc/avr/5.4.0/../../../../avr/lib/avrxmega2\libm.a(mulsf3.o)
 .text.avr-libc.fplib
                0x00000000        0x8 c:/program files (x86)/atmel/studio/7.0/toolchain/avr8/avr8-gnu-toolchain/bin/../lib/gcc/avr/5.4.0/../../../../avr/lib/avrxmega2\libm.a(mulsf3.o)
 .text          0x00000000        0x0 c:/program files (x86)/atmel/studio/7.0/toolchain/avr8/avr8-gnu-toolchain/bin/../lib/gcc/avr/5.4.0/../../../../avr/lib/avrxmega2\libm.a(mulsf3x.o)
 .data          0x00000000        0x0 c:/program files (x86)/atmel/studio/7.0/toolchain/avr8/avr8-gnu-toolchain/bin/../lib/gcc/avr/5.4.0/../../../../avr/lib/avrxmega2\libm.a(mulsf3x.o)
 .bss           0x00000000        0x0 c:/program files (x86)/atmel/studio/7.0/toolchain/avr8/avr8-gnu-toolchain/bin/../lib/gcc/avr/5.4.0/../../../../avr/lib/avrxmega2\libm.a(mulsf3x.o)
 .text.avr-libc.fplib
                0x00000000       0xd2 c:/program files (x86)/atmel/studio/7.0/toolchain/avr8/avr8-gnu-toolchain/bin/../lib/gcc/avr/5.4.0/../../../../avr/lib/avrxmega2\libm.a(mulsf3x.o)
 .text          0x00000000        0x0 c:/program files (x86)/atmel/studio/7.0/toolchain/avr8/avr8-gnu-toolchain/bin/../lib/gcc/avr/5.4.0/avrxmega2\libgcc.a(_exit.o)
 .data          0x00000000        0x0 c:/program files (x86)/atmel/studio/7.0/toolchain/avr8/avr8-gnu-toolchain/bin/../lib/gcc/avr/5.4.0/avrxmega2\libgcc.a(_exit.o)
 .bss           0x00000000        0x0 c:/program files (x86)/atmel/studio/7.0/toolchain/avr8/avr8-gnu-toolchain/bin/../lib/gcc/avr/5.4.0/avrxmega2\libgcc.a(_exit.o)
 .text.libgcc.mul
                0x00000000        0x0 c:/program files (x86)/atmel/studio/7.0/toolchain/avr8/avr8-gnu-toolchain/bin/../lib/gcc/avr/5.4.0/avrxmega2\libgcc.a(_exit.o)
 .text.libgcc.div
                0x00000000        0x0 c:/program files (x86)/atmel/studio/7.0/toolchain/avr8/avr8-gnu-toolchain/bin/../lib/gcc/avr/5.4.0/avrxmega2\libgcc.a(_exit.o)
 .text.libgcc   0x00000000        0x0 c:/program files (x86)/atmel/studio/7.0/toolchain/avr8/avr8-gnu-toolchain/bin/../lib/gcc/avr/5.4.0/avrxmega2\libgcc.a(_exit.o)
 .text.libgcc.prologue
                0x00000000        0x0 c:/program files (x86)/atmel/studio/7.0/toolchain/avr8/avr8-gnu-toolchain/bin/../lib/gcc/avr/5.4.0/avrxmega2\libgcc.a(_exit.o)
 .text.libgcc.builtins
                0x00000000        0x0 c:/program files (x86)/atmel/studio/7.0/toolchain/avr8/avr8-gnu-toolchain/bin/../lib/gcc/avr/5.4.0/avrxmega2\libgcc.a(_exit.o)
 .text.libgcc.fmul
                0x00000000        0x0 c:/program files (x86)/atmel/studio/7.0/toolchain/avr8/avr8-gnu-toolchain/bin/../lib/gcc/avr/5.4.0/avrxmega2\libgcc.a(_exit.o)
 .text.libgcc.fixed
                0x00000000        0x0 c:/program files (x86)/atmel/studio/7.0/toolchain/avr8/avr8-gnu-toolchain/bin/../lib/gcc/avr/5.4.0/avrxmega2\libgcc.a(_exit.o)
 .text          0x00000000        0x0 c:/program files (x86)/atmel/studio/7.0/toolchain/avr8/avr8-gnu-toolchain/bin/../lib/gcc/avr/5.4.0/avrxmega2\libgcc.a(_copy_data.o)
 .data          0x00000000        0x0 c:/program files (x86)/atmel/studio/7.0/toolchain/avr8/avr8-gnu-toolchain/bin/../lib/gcc/avr/5.4.0/avrxmega2\libgcc.a(_copy_data.o)
 .bss           0x00000000        0x0 c:/program files (x86)/atmel/studio/7.0/toolchain/avr8/avr8-gnu-toolchain/bin/../lib/gcc/avr/5.4.0/avrxmega2\libgcc.a(_copy_data.o)
 .text.libgcc.mul
                0x00000000        0x0 c:/program files (x86)/atmel/studio/7.0/toolchain/avr8/avr8-gnu-toolchain/bin/../lib/gcc/avr/5.4.0/avrxmega2\libgcc.a(_copy_data.o)
 .text.libgcc.div
                0x00000000        0x0 c:/program files (x86)/atmel/studio/7.0/toolchain/avr8/avr8-gnu-toolchain/bin/../lib/gcc/avr/5.4.0/avrxmega2\libgcc.a(_copy_data.o)
 .text.libgcc   0x00000000        0x0 c:/program files (x86)/atmel/studio/7.0/toolchain/avr8/avr8-gnu-toolchain/bin/../lib/gcc/avr/5.4.0/avrxmega2\libgcc.a(_copy_data.o)
 .text.libgcc.prologue
                0x00000000        0x0 c:/program files (x86)/atmel/studio/7.0/toolchain/avr8/avr8-gnu-toolchain/bin/../lib/gcc/avr/5.4.0/avrxmega2\libgcc.a(_copy_data.o)
 .text.libgcc.builtins
                0x00000000        0x0 c:/program files (x86)/atmel/studio/7.0/toolchain/avr8/avr8-gnu-toolchain/bin/../lib/gcc/avr/5.4.0/avrxmega2\libgcc.a(_copy_data.o)
 .text.libgcc.fmul
                0x00000000        0x0 c:/program files (x86)/atmel/studio/7.0/toolchain/avr8/avr8-gnu-toolchain/bin/../lib/gcc/avr/5.4.0/avrxmega2\libgcc.a(_copy_data.o)
 .text.libgcc.fixed
                0x00000000        0x0 c:/program files (x86)/atmel/studio/7.0/toolchain/avr8/avr8-gnu-toolchain/bin/../lib/gcc/avr/5.4.0/avrxmega2\libgcc.a(_copy_data.o)
 .text          0x00000000        0x0 c:/program files (x86)/atmel/studio/7.0/toolchain/avr8/avr8-gnu-toolchain/bin/../lib/gcc/avr/5.4.0/avrxmega2\libgcc.a(_clear_bss.o)
 .data          0x00000000        0x0 c:/program files (x86)/atmel/studio/7.0/toolchain/avr8/avr8-gnu-toolchain/bin/../lib/gcc/avr/5.4.0/avrxmega2\libgcc.a(_clear_bss.o)
 .bss           0x00000000        0x0 c:/program files (x86)/atmel/studio/7.0/toolchain/avr8/avr8-gnu-toolchain/bin/../lib/gcc/avr/5.4.0/avrxmega2\libgcc.a(_clear_bss.o)
 .text.libgcc.mul
                0x00000000        0x0 c:/program files (x86)/atmel/studio/7.0/toolchain/avr8/avr8-gnu-toolchain/bin/../lib/gcc/avr/5.4.0/avrxmega2\libgcc.a(_clear_bss.o)
 .text.libgcc.div
                0x00000000        0x0 c:/program files (x86)/atmel/studio/7.0/toolchain/avr8/avr8-gnu-toolchain/bin/../lib/gcc/avr/5.4.0/avrxmega2\libgcc.a(_clear_bss.o)
 .text.libgcc   0x00000000        0x0 c:/program files (x86)/atmel/studio/7.0/toolchain/avr8/avr8-gnu-toolchain/bin/../lib/gcc/avr/5.4.0/avrxmega2\libgcc.a(_clear_bss.o)
 .text.libgcc.prologue
                0x00000000        0x0 c:/program files (x86)/atmel/studio/7.0/toolchain/avr8/avr8-gnu-toolchain/bin/../lib/gcc/avr/5.4.0/avrxmega2\libgcc.a(_clear_bss.o)
 .text.libgcc.builtins
                0x00000000        0x0 c:/program files (x86)/atmel/studio/7.0/toolchain/avr8/avr8-gnu-toolchain/bin/../lib/gcc/avr/5.4.0/avrxmega2\libgcc.a(_clear_bss.o)
 .text.libgcc.fmul
                0x00000000        0x0 c:/program files (x86)/atmel/studio/7.0/toolchain/avr8/avr8-gnu-toolchain/bin/../lib/gcc/avr/5.4.0/avrxmega2\libgcc.a(_clear_bss.o)
 .text.libgcc.fixed
                0x00000000        0x0 c:/program files (x86)/atmel/studio/7.0/toolchain/avr8/avr8-gnu-toolchain/bin/../lib/gcc/avr/5.4.0/avrxmega2\libgcc.a(_clear_bss.o)
 .text          0x00000000        0x0 c:/program files (x86)/atmel/studio/7.0/toolchain/avr8/avr8-gnu-toolchain/bin/../lib/gcc/avr/5.4.0/../../../../avr/lib/avrxmega2\libc.a(malloc.o)
 .bss           0x00000000        0x0 c:/program files (x86)/atmel/studio/7.0/toolchain/avr8/avr8-gnu-toolchain/bin/../lib/gcc/avr/5.4.0/../../../../avr/lib/avrxmega2\libc.a(malloc.o)
 .text          0x00000000        0x0 c:/program files (x86)/atmel/studio/7.0/toolchain/avr8/avr8-gnu-toolchain/bin/../lib/gcc/avr/5.4.0/../../../../avr/lib/avrxmega2\libc.a(atoi.o)
 .data          0x00000000        0x0 c:/program files (x86)/atmel/studio/7.0/toolchain/avr8/avr8-gnu-toolchain/bin/../lib/gcc/avr/5.4.0/../../../../avr/lib/avrxmega2\libc.a(atoi.o)
 .bss           0x00000000        0x0 c:/program files (x86)/atmel/studio/7.0/toolchain/avr8/avr8-gnu-toolchain/bin/../lib/gcc/avr/5.4.0/../../../../avr/lib/avrxmega2\libc.a(atoi.o)
 .text          0x00000000        0x0 c:/program files (x86)/atmel/studio/7.0/toolchain/avr8/avr8-gnu-toolchain/bin/../lib/gcc/avr/5.4.0/../../../../avr/lib/avrxmega2\libc.a(strcpy.o)
 .data          0x00000000        0x0 c:/program files (x86)/atmel/studio/7.0/toolchain/avr8/avr8-gnu-toolchain/bin/../lib/gcc/avr/5.4.0/../../../../avr/lib/avrxmega2\libc.a(strcpy.o)
 .bss           0x00000000        0x0 c:/program files (x86)/atmel/studio/7.0/toolchain/avr8/avr8-gnu-toolchain/bin/../lib/gcc/avr/5.4.0/../../../../avr/lib/avrxmega2\libc.a(strcpy.o)
 .text          0x00000000        0x0 c:/program files (x86)/atmel/studio/7.0/toolchain/avr8/avr8-gnu-toolchain/bin/../lib/gcc/avr/5.4.0/../../../../avr/lib/avrxmega2\libc.a(strncmp.o)
 .data          0x00000000        0x0 c:/program files (x86)/atmel/studio/7.0/toolchain/avr8/avr8-gnu-toolchain/bin/../lib/gcc/avr/5.4.0/../../../../avr/lib/avrxmega2\libc.a(strncmp.o)
 .bss           0x00000000        0x0 c:/program files (x86)/atmel/studio/7.0/toolchain/avr8/avr8-gnu-toolchain/bin/../lib/gcc/avr/5.4.0/../../../../avr/lib/avrxmega2\libc.a(strncmp.o)
 .text          0x00000000        0x0 c:/program files (x86)/atmel/studio/7.0/toolchain/avr8/avr8-gnu-toolchain/bin/../lib/gcc/avr/5.4.0/../../../../avr/lib/avrxmega2\libc.a(mul10.o)
 .data          0x00000000        0x0 c:/program files (x86)/atmel/studio/7.0/toolchain/avr8/avr8-gnu-toolchain/bin/../lib/gcc/avr/5.4.0/../../../../avr/lib/avrxmega2\libc.a(mul10.o)
 .bss           0x00000000        0x0 c:/program files (x86)/atmel/studio/7.0/toolchain/avr8/avr8-gnu-toolchain/bin/../lib/gcc/avr/5.4.0/../../../../avr/lib/avrxmega2\libc.a(mul10.o)

Memory Configuration

Name             Origin             Length             Attributes
text             0x00000000         0x00005000         xr
data             0x00802000         0x00000800         rw !x
eeprom           0x00810000         0x00000400         rw !x
fuse             0x00820000         0x00000006         rw !x
lock             0x00830000         0x00000400         rw !x
signature        0x00840000         0x00000400         rw !x
user_signatures  0x00850000         0x00000400         rw !x
*default*        0x00000000         0xffffffff

Linker script and memory map

LOAD C:/Program Files (x86)/Atmel/Studio/7.0/Packs/atmel/XMEGAA_DFP/1.2.141/gcc/dev/atxmega16a4u/avrxmega2/crtatxmega16a4u.o
LOAD BLUETOOTH/DATA/data.o
LOAD BLUETOOTH/FRAMES/frame.o
LOAD BLUETOOTH/HC05/hc05.o
LOAD BLUETOOTH/USART/BUFFER/buffer.o
LOAD BLUETOOTH/USART/usart.o
LOAD CONTROL/DRIVERS/drivers.o
LOAD CONTROL/WORK/work.o
LOAD HMI/DISPLAY/fonts.o
LOAD HMI/DISPLAY/oled_SSD1306.o
LOAD HMI/TWI_BUS/twi.o
LOAD main.o
LOAD SYS_CLOCK/sysclock.o
START GROUP
LOAD c:/program files (x86)/atmel/studio/7.0/toolchain/avr8/avr8-gnu-toolchain/bin/../lib/gcc/avr/5.4.0/../../../../avr/lib/avrxmega2\libm.a
END GROUP
START GROUP
LOAD c:/program files (x86)/atmel/studio/7.0/toolchain/avr8/avr8-gnu-toolchain/bin/../lib/gcc/avr/5.4.0/avrxmega2\libgcc.a
LOAD c:/program files (x86)/atmel/studio/7.0/toolchain/avr8/avr8-gnu-toolchain/bin/../lib/gcc/avr/5.4.0/../../../../avr/lib/avrxmega2\libm.a
LOAD c:/program files (x86)/atmel/studio/7.0/toolchain/avr8/avr8-gnu-toolchain/bin/../lib/gcc/avr/5.4.0/../../../../avr/lib/avrxmega2\libc.a
LOAD C:/Program Files (x86)/Atmel/Studio/7.0/Packs/atmel/XMEGAA_DFP/1.2.141/gcc/dev/atxmega16a4u/avrxmega2\libatxmega16a4u.a
END GROUP
                [0x00000000]                __TEXT_REGION_ORIGIN__ = DEFINED (__TEXT_REGION_ORIGIN__)?__TEXT_REGION_ORIGIN__:0x0
                [0x00802000]                __DATA_REGION_ORIGIN__ = DEFINED (__DATA_REGION_ORIGIN__)?__DATA_REGION_ORIGIN__:0x802000
                [0x00005000]                __TEXT_REGION_LENGTH__ = DEFINED (__TEXT_REGION_LENGTH__)?__TEXT_REGION_LENGTH__:0x100000
                [0x00000800]                __DATA_REGION_LENGTH__ = DEFINED (__DATA_REGION_LENGTH__)?__DATA_REGION_LENGTH__:0xffa0
                [0x00000400]                __EEPROM_REGION_LENGTH__ = DEFINED (__EEPROM_REGION_LENGTH__)?__EEPROM_REGION_LENGTH__:0x10000
                [0x00000006]                __FUSE_REGION_LENGTH__ = DEFINED (__FUSE_REGION_LENGTH__)?__FUSE_REGION_LENGTH__:0x400
                0x00000400                __LOCK_REGION_LENGTH__ = DEFINED (__LOCK_REGION_LENGTH__)?__LOCK_REGION_LENGTH__:0x400
                0x00000400                __SIGNATURE_REGION_LENGTH__ = DEFINED (__SIGNATURE_REGION_LENGTH__)?__SIGNATURE_REGION_LENGTH__:0x400
                0x00000400                __USER_SIGNATURE_REGION_LENGTH__ = DEFINED (__USER_SIGNATURE_REGION_LENGTH__)?__USER_SIGNATURE_REGION_LENGTH__:0x400

.hash
 *(.hash)

.dynsym
 *(.dynsym)

.dynstr
 *(.dynstr)

.gnu.version
 *(.gnu.version)

.gnu.version_d
 *(.gnu.version_d)

.gnu.version_r
 *(.gnu.version_r)

.rel.init
 *(.rel.init)

.rela.init
 *(.rela.init)

.rel.text
 *(.rel.text)
 *(.rel.text.*)
 *(.rel.gnu.linkonce.t*)

.rela.text
 *(.rela.text)
 *(.rela.text.*)
 *(.rela.gnu.linkonce.t*)

.rel.fini
 *(.rel.fini)

.rela.fini
 *(.rela.fini)

.rel.rodata
 *(.rel.rodata)
 *(.rel.rodata.*)
 *(.rel.gnu.linkonce.r*)

.rela.rodata
 *(.rela.rodata)
 *(.rela.rodata.*)
 *(.rela.gnu.linkonce.r*)

.rel.data
 *(.rel.data)
 *(.rel.data.*)
 *(.rel.gnu.linkonce.d*)

.rela.data
 *(.rela.data)
 *(.rela.data.*)
 *(.rela.gnu.linkonce.d*)

.rel.ctors
 *(.rel.ctors)

.rela.ctors
 *(.rela.ctors)

.rel.dtors
 *(.rel.dtors)

.rela.dtors
 *(.rela.dtors)

.rel.got
 *(.rel.got)

.rela.got
 *(.rela.got)

.rel.bss
 *(.rel.bss)

.rela.bss
 *(.rela.bss)

.rel.plt
 *(.rel.plt)

.rela.plt
 *(.rela.plt)

.text           0x00000000     0x109e
 *(.vectors)
 .vectors       0x00000000      0x1fc C:/Program Files (x86)/Atmel/Studio/7.0/Packs/atmel/XMEGAA_DFP/1.2.141/gcc/dev/atxmega16a4u/avrxmega2/crtatxmega16a4u.o
                0x00000000                __vector_default
                0x00000000                __vectors
 *(.vectors)
 *(.progmem.gcc*)
                0x000001fc                . = ALIGN (0x2)
                0x000001fc                __trampolines_start = .
 *(.trampolines)
 .trampolines   0x000001fc        0x0 linker stubs
 *(.trampolines*)
                0x000001fc                __trampolines_end = .
 *libprintf_flt.a:*(.progmem.data)
 *libc.a:*(.progmem.data)
 *(.progmem*)
                0x000001fc                . = ALIGN (0x2)
 *(.jumptables)
 *(.jumptables*)
 *(.lowtext)
 *(.lowtext*)
                0x000001fc                __ctors_start = .
 *(.ctors)
                0x000001fc                __ctors_end = .
                0x000001fc                __dtors_start = .
 *(.dtors)
                0x000001fc                __dtors_end = .
 SORT(*)(.ctors)
 SORT(*)(.dtors)
 *(.init0)
 .init0         0x000001fc        0x0 C:/Program Files (x86)/Atmel/Studio/7.0/Packs/atmel/XMEGAA_DFP/1.2.141/gcc/dev/atxmega16a4u/avrxmega2/crtatxmega16a4u.o
                0x000001fc                __init
 *(.init0)
 *(.init1)
 *(.init1)
 *(.init2)
 .init2         0x000001fc        0xc C:/Program Files (x86)/Atmel/Studio/7.0/Packs/atmel/XMEGAA_DFP/1.2.141/gcc/dev/atxmega16a4u/avrxmega2/crtatxmega16a4u.o
 *(.init2)
 *(.init3)
 *(.init3)
 *(.init4)
 .init4         0x00000208       0x16 c:/program files (x86)/atmel/studio/7.0/toolchain/avr8/avr8-gnu-toolchain/bin/../lib/gcc/avr/5.4.0/avrxmega2\libgcc.a(_copy_data.o)
                0x00000208                __do_copy_data
 .init4         0x0000021e       0x10 c:/program files (x86)/atmel/studio/7.0/toolchain/avr8/avr8-gnu-toolchain/bin/../lib/gcc/avr/5.4.0/avrxmega2\libgcc.a(_clear_bss.o)
                0x0000021e                __do_clear_bss
 *(.init4)
 *(.init5)
 *(.init5)
 *(.init6)
 *(.init6)
 *(.init7)
 *(.init7)
 *(.init8)
 *(.init8)
 *(.init9)
 .init9         0x0000022e        0x8 C:/Program Files (x86)/Atmel/Studio/7.0/Packs/atmel/XMEGAA_DFP/1.2.141/gcc/dev/atxmega16a4u/avrxmega2/crtatxmega16a4u.o
 *(.init9)
 *(.text)
 .text          0x00000236        0x4 C:/Program Files (x86)/Atmel/Studio/7.0/Packs/atmel/XMEGAA_DFP/1.2.141/gcc/dev/atxmega16a4u/avrxmega2/crtatxmega16a4u.o
                0x00000236                __vector_38
                0x00000236                __vector_104
                0x00000236                __vector_22
                0x00000236                __vector_63
                0x00000236                __vector_28
                0x00000236                __vector_67
                0x00000236                __vector_1
                0x00000236                __vector_119
                0x00000236                __vector_32
                0x00000236                __vector_75
                0x00000236                __vector_71
                0x00000236                __vector_34
                0x00000236                __vector_62
                0x00000236                __vector_77
                0x00000236                __vector_102
                0x00000236                __vector_24
                0x00000236                __vector_12
                0x00000236                __vector_55
                0x00000236                __vector_69
                0x00000236                __vector_81
                0x00000236                __vector_90
                0x00000236                __vector_46
                0x00000236                __bad_interrupt
                0x00000236                __vector_122
                0x00000236                __vector_72
                0x00000236                __vector_114
                0x00000236                __vector_6
                0x00000236                __vector_110
                0x00000236                __vector_31
                0x00000236                __vector_35
                0x00000236                __vector_78
                0x00000236                __vector_74
                0x00000236                __vector_117
                0x00000236                __vector_39
                0x00000236                __vector_107
                0x00000236                __vector_3
                0x00000236                __vector_105
                0x00000236                __vector_98
                0x00000236                __vector_23
                0x00000236                __vector_68
                0x00000236                __vector_30
                0x00000236                __vector_73
                0x00000236                __vector_45
                0x00000236                __vector_25
                0x00000236                __vector_93
                0x00000236                __vector_61
                0x00000236                __vector_11
                0x00000236                __vector_54
                0x00000236                __vector_99
                0x00000236                __vector_13
                0x00000236                __vector_17
                0x00000236                __vector_19
                0x00000236                __vector_56
                0x00000236                __vector_7
                0x00000236                __vector_125
                0x00000236                __vector_49
                0x00000236                __vector_123
                0x00000236                __vector_41
                0x00000236                __vector_86
                0x00000236                __vector_100
                0x00000236                __vector_101
                0x00000236                __vector_64
                0x00000236                __vector_88
                0x00000236                __vector_109
                0x00000236                __vector_43
                0x00000236                __vector_27
                0x00000236                __vector_5
                0x00000236                __vector_113
                0x00000236                __vector_33
                0x00000236                __vector_76
                0x00000236                __vector_115
                0x00000236                __vector_47
                0x00000236                __vector_52
                0x00000236                __vector_37
                0x00000236                __vector_95
                0x00000236                __vector_103
                0x00000236                __vector_96
                0x00000236                __vector_89
                0x00000236                __vector_108
                0x00000236                __vector_4
                0x00000236                __vector_44
                0x00000236                __vector_82
                0x00000236                __vector_106
                0x00000236                __vector_118
                0x00000236                __vector_51
                0x00000236                __vector_9
                0x00000236                __vector_2
                0x00000236                __vector_21
                0x00000236                __vector_15
                0x00000236                __vector_66
                0x00000236                __vector_36
                0x00000236                __vector_79
                0x00000236                __vector_58
                0x00000236                __vector_70
                0x00000236                __vector_29
                0x00000236                __vector_60
                0x00000236                __vector_121
                0x00000236                __vector_40
                0x00000236                __vector_85
                0x00000236                __vector_94
                0x00000236                __vector_126
                0x00000236                __vector_8
                0x00000236                __vector_26
                0x00000236                __vector_48
                0x00000236                __vector_124
                0x00000236                __vector_116
                0x00000236                __vector_112
                0x00000236                __vector_111
                0x00000236                __vector_80
                0x00000236                __vector_14
                0x00000236                __vector_84
                0x00000236                __vector_57
                0x00000236                __vector_53
                0x00000236                __vector_10
                0x00000236                __vector_50
                0x00000236                __vector_16
                0x00000236                __vector_59
                0x00000236                __vector_18
                0x00000236                __vector_97
                0x00000236                __vector_42
                0x00000236                __vector_87
                0x00000236                __vector_65
                0x00000236                __vector_120
                0x0000023a                . = ALIGN (0x2)
 *(.text.*)
 .text.Data_CreateMove
                0x0000023a       0x34 BLUETOOTH/DATA/data.o
                0x0000023a                Data_CreateMove
 .text.Data_CreateListElement
                0x0000026e       0x28 BLUETOOTH/DATA/data.o
                0x0000026e                Data_CreateListElement
 .text.Data_CreateList
                0x00000296       0x1a BLUETOOTH/DATA/data.o
                0x00000296                Data_CreateList
 .text.Data_InsertElementToList
                0x000002b0       0x3c BLUETOOTH/DATA/data.o
                0x000002b0                Data_InsertElementToList
 .text.Data_InsertMoveToJob
                0x000002ec       0x7a BLUETOOTH/DATA/data.o
                0x000002ec                Data_InsertMoveToJob
 .text.Data_InsertTaskToJob
                0x00000366       0xaa BLUETOOTH/DATA/data.o
                0x00000366                Data_InsertTaskToJob
 .text.Frame_Init
                0x00000410       0x86 BLUETOOTH/FRAMES/frame.o
                0x00000410                Frame_Init
 .text.Frame_Fill
                0x00000496       0xe2 BLUETOOTH/FRAMES/frame.o
                0x00000496                Frame_Fill
 .text.Frame_TypeCheck
                0x00000578       0x94 BLUETOOTH/FRAMES/frame.o
                0x00000578                Frame_TypeCheck
 .text.Frame_StatusCheck
                0x0000060c       0x20 BLUETOOTH/FRAMES/frame.o
                0x0000060c                Frame_StatusCheck
 .text.HC05_SendString
                0x0000062c        0x6 BLUETOOTH/HC05/hc05.o
                0x0000062c                HC05_SendString
 .text.HC05_SendStatus
                0x00000632       0xb2 BLUETOOTH/HC05/hc05.o
                0x00000632                HC05_SendStatus
 .text.HC05_Read
                0x000006e4      0x110 BLUETOOTH/HC05/hc05.o
                0x000006e4                HC05_Read
 .text.HC05_Init
                0x000007f4       0x68 BLUETOOTH/HC05/hc05.o
                0x000007f4                HC05_Init
 .text.Buffer_Init
                0x0000085c       0x6c BLUETOOTH/USART/BUFFER/buffer.o
                0x0000085c                Buffer_Init
 .text.Buffer_InsertString
                0x000008c8       0x3c BLUETOOTH/USART/BUFFER/buffer.o
                0x000008c8                Buffer_InsertString
 .text.Buffer_GetString
                0x00000904       0x6c BLUETOOTH/USART/BUFFER/buffer.o
                0x00000904                Buffer_GetString
 .text.Buffer_Clear
                0x00000970       0x40 BLUETOOTH/USART/BUFFER/buffer.o
                0x00000970                Buffer_Clear
 .text.Usart_Init
                0x000009b0       0x8e BLUETOOTH/USART/usart.o
                0x000009b0                Usart_Init
 .text.Usart_SendString
                0x00000a3e       0x1e BLUETOOTH/USART/usart.o
                0x00000a3e                Usart_SendString
 .text.Usart_GetString
                0x00000a5c       0x66 BLUETOOTH/USART/usart.o
                0x00000a5c                Usart_GetString
 .text.__vector_92
                0x00000ac2       0x74 BLUETOOTH/USART/usart.o
                0x00000ac2                __vector_92
 .text.__vector_91
                0x00000b36       0x74 BLUETOOTH/USART/usart.o
                0x00000b36                __vector_91
 .text.Driver_FreeAxes
                0x00000baa       0x60 CONTROL/DRIVERS/drivers.o
                0x00000baa                Driver_FreeAxes
 .text.Driver_StopRobot
                0x00000c0a       0x88 CONTROL/DRIVERS/drivers.o
                0x00000c0a                Driver_StopRobot
 .text.Driver_EmergencyStop
                0x00000c92        0xa CONTROL/DRIVERS/drivers.o
                0x00000c92                Driver_EmergencyStop
 .text.Driver_StepperTimerIsr
                0x00000c9c       0x4c CONTROL/DRIVERS/drivers.o
                0x00000c9c                Driver_StepperTimerIsr
 .text.__vector_20
                0x00000ce8       0x50 CONTROL/DRIVERS/drivers.o
                0x00000ce8                __vector_20
 .text.__vector_83
                0x00000d38       0x50 CONTROL/DRIVERS/drivers.o
                0x00000d38                __vector_83
 .text.Work_RunRobot
                0x00000d88        0x2 CONTROL/WORK/work.o
                0x00000d88                Work_RunRobot
 .text.Work_StopRobot
                0x00000d8a        0x6 CONTROL/WORK/work.o
                0x00000d8a                Work_StopRobot
 .text.main     0x00000d90       0x38 main.o
                0x00000d90                main
 .text.ClkSys32MHz
                0x00000dc8       0x1a SYS_CLOCK/sysclock.o
                0x00000dc8                ClkSys32MHz
 .text.avr-libc
                0x00000de2      0x242 c:/program files (x86)/atmel/studio/7.0/toolchain/avr8/avr8-gnu-toolchain/bin/../lib/gcc/avr/5.4.0/../../../../avr/lib/avrxmega2\libc.a(malloc.o)
                0x00000de2                malloc
                0x00000f12                free
 .text.avr-libc
                0x00001024       0x3c c:/program files (x86)/atmel/studio/7.0/toolchain/avr8/avr8-gnu-toolchain/bin/../lib/gcc/avr/5.4.0/../../../../avr/lib/avrxmega2\libc.a(atoi.o)
                0x00001024                atoi
 .text.avr-libc
                0x00001060        0xe c:/program files (x86)/atmel/studio/7.0/toolchain/avr8/avr8-gnu-toolchain/bin/../lib/gcc/avr/5.4.0/../../../../avr/lib/avrxmega2\libc.a(strcpy.o)
                0x00001060                strcpy
 .text.avr-libc
                0x0000106e       0x1c c:/program files (x86)/atmel/studio/7.0/toolchain/avr8/avr8-gnu-toolchain/bin/../lib/gcc/avr/5.4.0/../../../../avr/lib/avrxmega2\libc.a(strncmp.o)
                0x0000106e                strncmp
 .text.avr-libc
                0x0000108a       0x10 c:/program files (x86)/atmel/studio/7.0/toolchain/avr8/avr8-gnu-toolchain/bin/../lib/gcc/avr/5.4.0/../../../../avr/lib/avrxmega2\libc.a(mul10.o)
                0x0000108a                __mulhi_const_10
                0x0000109a                . = ALIGN (0x2)
 *(.fini9)
 .fini9         0x0000109a        0x0 c:/program files (x86)/atmel/studio/7.0/toolchain/avr8/avr8-gnu-toolchain/bin/../lib/gcc/avr/5.4.0/avrxmega2\libgcc.a(_exit.o)
                0x0000109a                _exit
                0x0000109a                exit
 *(.fini9)
 *(.fini8)
 *(.fini8)
 *(.fini7)
 *(.fini7)
 *(.fini6)
 *(.fini6)
 *(.fini5)
 *(.fini5)
 *(.fini4)
 *(.fini4)
 *(.fini3)
 *(.fini3)
 *(.fini2)
 *(.fini2)
 *(.fini1)
 *(.fini1)
 *(.fini0)
 .fini0         0x0000109a        0x4 c:/program files (x86)/atmel/studio/7.0/toolchain/avr8/avr8-gnu-toolchain/bin/../lib/gcc/avr/5.4.0/avrxmega2\libgcc.a(_exit.o)
 *(.fini0)
                0x0000109e                _etext = .

.data           0x00802000       0x5a load address 0x0000109e
                0x00802000                PROVIDE (__data_start, .)
 *(.data)
 .data          0x00802000        0x6 c:/program files (x86)/atmel/studio/7.0/toolchain/avr8/avr8-gnu-toolchain/bin/../lib/gcc/avr/5.4.0/../../../../avr/lib/avrxmega2\libc.a(malloc.o)
                0x00802000                __malloc_heap_end
                0x00802002                __malloc_heap_start
                0x00802004                __malloc_margin
 *(.data*)
 .data.NeedNewList.3903
                0x00802006        0x1 BLUETOOTH/DATA/data.o
 .data.FrameTypes
                0x00802007        0xc BLUETOOTH/FRAMES/frame.o
                0x00802007                FrameTypes
 .data.EndCode  0x00802013        0x2 BLUETOOTH/FRAMES/frame.o
                0x00802013                EndCode
 .data.StartCode
                0x00802015        0x2 BLUETOOTH/FRAMES/frame.o
                0x00802015                StartCode
 *(.gnu.linkonce.d*)
 *(.rodata)
 *(.rodata*)
 .rodata.str1.1
                0x00802017       0x1d BLUETOOTH/FRAMES/frame.o
                                 0x26 (size before relaxing)
 .rodata.str1.1
                0x00802034       0x26 BLUETOOTH/HC05/hc05.o
 *(.gnu.linkonce.r*)
                0x0080205a                . = ALIGN (0x2)
                0x0080205a                _edata = .
                0x0080205a                PROVIDE (__data_end, .)

.bss            0x0080205a       0x32
                0x0080205a                PROVIDE (__bss_start, .)
 *(.bss)
 *(.bss*)
 .bss.ReceivingFrame
                0x0080205a        0x2 BLUETOOTH/FRAMES/frame.o
                0x0080205a                ReceivingFrame
 .bss.Bluetooth
                0x0080205c        0x2 BLUETOOTH/HC05/hc05.o
                0x0080205c                Bluetooth
 .bss.ReceivingBuffer
                0x0080205e        0x2 BLUETOOTH/USART/BUFFER/buffer.o
                0x0080205e                ReceivingBuffer
 .bss.i.4064    0x00802060        0x1 BLUETOOTH/USART/usart.o
 .bss.CharsCount.4058
                0x00802061        0x1 BLUETOOTH/USART/usart.o
 .bss.RS232Port
                0x00802062        0x2 BLUETOOTH/USART/usart.o
                0x00802062                RS232Port
 *(COMMON)
 COMMON         0x00802064        0x2 BLUETOOTH/DATA/data.o
                0x00802064                Job
 COMMON         0x00802066       0x14 BLUETOOTH/USART/usart.o
                0x00802066                SendingString
                0x00802068                ReceivedChars
                0x00802078                ReceivedString
 COMMON         0x0080207a        0xe CONTROL/DRIVERS/drivers.o
                0x0080207a                axisZ
                0x0080207c                drvToRunList
                0x0080207e                axisA
                0x00802080                axisB
                0x00802082                axisG
                0x00802084                axisT
                0x00802086                axisC
 COMMON         0x00802088        0x4 c:/program files (x86)/atmel/studio/7.0/toolchain/avr8/avr8-gnu-toolchain/bin/../lib/gcc/avr/5.4.0/../../../../avr/lib/avrxmega2\libc.a(malloc.o)
                0x00802088                __brkval
                0x0080208a                __flp
                0x0080208c                PROVIDE (__bss_end, .)
                0x0000109e                __data_load_start = LOADADDR (.data)
                0x000010f8                __data_load_end = (__data_load_start + SIZEOF (.data))

.noinit         0x0080208c        0x0
                [!provide]                PROVIDE (__noinit_start, .)
 *(.noinit*)
                [!provide]                PROVIDE (__noinit_end, .)
                0x0080208c                _end = .
                0x0080208c                PROVIDE (__heap_start, .)

.eeprom         0x00810000        0x0
 *(.eeprom*)
                0x00810000                __eeprom_end = .

.fuse
 *(.fuse)
 *(.lfuse)
 *(.hfuse)
 *(.efuse)

.lock
 *(.lock*)

.signature
 *(.signature*)

.user_signatures
 *(.user_signatures*)

.stab
 *(.stab)

.stabstr
 *(.stabstr)

.stab.excl
 *(.stab.excl)

.stab.exclstr
 *(.stab.exclstr)

.stab.index
 *(.stab.index)

.stab.indexstr
 *(.stab.indexstr)

.comment        0x00000000       0x30
 *(.comment)
 .comment       0x00000000       0x30 BLUETOOTH/DATA/data.o
                                 0x31 (size before relaxing)
 .comment       0x00000030       0x31 BLUETOOTH/FRAMES/frame.o
 .comment       0x00000030       0x31 BLUETOOTH/HC05/hc05.o
 .comment       0x00000030       0x31 BLUETOOTH/USART/BUFFER/buffer.o
 .comment       0x00000030       0x31 BLUETOOTH/USART/usart.o
 .comment       0x00000030       0x31 CONTROL/DRIVERS/drivers.o
 .comment       0x00000030       0x31 CONTROL/WORK/work.o
 .comment       0x00000030       0x31 main.o
 .comment       0x00000030       0x31 SYS_CLOCK/sysclock.o
 .comment       0x00000030       0x31 c:/program files (x86)/atmel/studio/7.0/toolchain/avr8/avr8-gnu-toolchain/bin/../lib/gcc/avr/5.4.0/../../../../avr/lib/avrxmega2\libc.a(malloc.o)

.note.gnu.avr.deviceinfo
                0x00000000       0x40
 .note.gnu.avr.deviceinfo
                0x00000000       0x40 C:/Program Files (x86)/Atmel/Studio/7.0/Packs/atmel/XMEGAA_DFP/1.2.141/gcc/dev/atxmega16a4u/avrxmega2/crtatxmega16a4u.o

.note.gnu.build-id
 *(.note.gnu.build-id)

.debug
 *(.debug)

.line
 *(.line)

.debug_srcinfo
 *(.debug_srcinfo)

.debug_sfnames
 *(.debug_sfnames)

.debug_aranges  0x00000000      0x2e0
 *(.debug_aranges)
 .debug_aranges
                0x00000000       0x78 BLUETOOTH/DATA/data.o
 .debug_aranges
                0x00000078       0x38 BLUETOOTH/FRAMES/frame.o
 .debug_aranges
                0x000000b0       0x38 BLUETOOTH/HC05/hc05.o
 .debug_aranges
                0x000000e8       0x38 BLUETOOTH/USART/BUFFER/buffer.o
 .debug_aranges
                0x00000120       0x40 BLUETOOTH/USART/usart.o
 .debug_aranges
                0x00000160       0xe8 CONTROL/DRIVERS/drivers.o
 .debug_aranges
                0x00000248       0x50 CONTROL/WORK/work.o
 .debug_aranges
                0x00000298       0x20 main.o
 .debug_aranges
                0x000002b8       0x28 SYS_CLOCK/sysclock.o

.debug_pubnames
 *(.debug_pubnames)

.debug_info     0x00000000     0x71d7
 *(.debug_info .gnu.linkonce.wi.*)
 .debug_info    0x00000000     0x284f C:/Program Files (x86)/Atmel/Studio/7.0/Packs/atmel/XMEGAA_DFP/1.2.141/gcc/dev/atxmega16a4u/avrxmega2/crtatxmega16a4u.o
 .debug_info    0x0000284f      0x70d BLUETOOTH/DATA/data.o
 .debug_info    0x00002f5c      0x5ec BLUETOOTH/FRAMES/frame.o
 .debug_info    0x00003548      0xb06 BLUETOOTH/HC05/hc05.o
 .debug_info    0x0000404e      0x2a8 BLUETOOTH/USART/BUFFER/buffer.o
 .debug_info    0x000042f6      0x61d BLUETOOTH/USART/usart.o
 .debug_info    0x00004913     0x1abe CONTROL/DRIVERS/drivers.o
 .debug_info    0x000063d1      0xa12 CONTROL/WORK/work.o
 .debug_info    0x00006de3      0x20e main.o
 .debug_info    0x00006ff1      0x1e6 SYS_CLOCK/sysclock.o

.debug_abbrev   0x00000000     0x3660
 *(.debug_abbrev)
 .debug_abbrev  0x00000000     0x262c C:/Program Files (x86)/Atmel/Studio/7.0/Packs/atmel/XMEGAA_DFP/1.2.141/gcc/dev/atxmega16a4u/avrxmega2/crtatxmega16a4u.o
 .debug_abbrev  0x0000262c      0x18e BLUETOOTH/DATA/data.o
 .debug_abbrev  0x000027ba      0x132 BLUETOOTH/FRAMES/frame.o
 .debug_abbrev  0x000028ec      0x233 BLUETOOTH/HC05/hc05.o
 .debug_abbrev  0x00002b1f      0x16a BLUETOOTH/USART/BUFFER/buffer.o
 .debug_abbrev  0x00002c89      0x1fd BLUETOOTH/USART/usart.o
 .debug_abbrev  0x00002e86      0x411 CONTROL/DRIVERS/drivers.o
 .debug_abbrev  0x00003297      0x245 CONTROL/WORK/work.o
 .debug_abbrev  0x000034dc       0xe7 main.o
 .debug_abbrev  0x000035c3       0x9d SYS_CLOCK/sysclock.o

.debug_line     0x00000000     0x1f97
 *(.debug_line .debug_line.* .debug_line_end)
 .debug_line    0x00000000      0x391 C:/Program Files (x86)/Atmel/Studio/7.0/Packs/atmel/XMEGAA_DFP/1.2.141/gcc/dev/atxmega16a4u/avrxmega2/crtatxmega16a4u.o
 .debug_line    0x00000391      0x341 BLUETOOTH/DATA/data.o
 .debug_line    0x000006d2      0x262 BLUETOOTH/FRAMES/frame.o
 .debug_line    0x00000934      0x3f6 BLUETOOTH/HC05/hc05.o
 .debug_line    0x00000d2a      0x224 BLUETOOTH/USART/BUFFER/buffer.o
 .debug_line    0x00000f4e      0x2bf BLUETOOTH/USART/usart.o
 .debug_line    0x0000120d      0x897 CONTROL/DRIVERS/drivers.o
 .debug_line    0x00001aa4      0x28d CONTROL/WORK/work.o
 .debug_line    0x00001d31      0x116 main.o
 .debug_line    0x00001e47      0x150 SYS_CLOCK/sysclock.o

.debug_frame    0x00000000      0x82c
 *(.debug_frame)
 .debug_frame   0x00000000      0x16c BLUETOOTH/DATA/data.o
 .debug_frame   0x0000016c       0x80 BLUETOOTH/FRAMES/frame.o
 .debug_frame   0x000001ec       0x6c BLUETOOTH/HC05/hc05.o
 .debug_frame   0x00000258       0x90 BLUETOOTH/USART/BUFFER/buffer.o
 .debug_frame   0x000002e8       0xcc BLUETOOTH/USART/usart.o
 .debug_frame   0x000003b4      0x378 CONTROL/DRIVERS/drivers.o
 .debug_frame   0x0000072c       0xa8 CONTROL/WORK/work.o
 .debug_frame   0x000007d4       0x24 main.o
 .debug_frame   0x000007f8       0x34 SYS_CLOCK/sysclock.o

.debug_str      0x00000000     0x2ddf
 *(.debug_str)
 .debug_str     0x00000000     0x1aa8 C:/Program Files (x86)/Atmel/Studio/7.0/Packs/atmel/XMEGAA_DFP/1.2.141/gcc/dev/atxmega16a4u/avrxmega2/crtatxmega16a4u.o
 .debug_str     0x00001aa8      0x399 BLUETOOTH/DATA/data.o
                                0x3fb (size before relaxing)
 .debug_str     0x00001e41       0xe8 BLUETOOTH/FRAMES/frame.o
                                0x2ed (size before relaxing)
 .debug_str     0x00001f29      0x229 BLUETOOTH/HC05/hc05.o
                                0x544 (size before relaxing)
 .debug_str     0x00002152       0x4e BLUETOOTH/USART/BUFFER/buffer.o
                                0x27d (size before relaxing)
 .debug_str     0x000021a0      0x1a7 BLUETOOTH/USART/usart.o
                                0x4f8 (size before relaxing)
 .debug_str     0x00002347      0x84a CONTROL/DRIVERS/drivers.o
                                0xb7a (size before relaxing)
 .debug_str     0x00002b91      0x10d CONTROL/WORK/work.o
                                0x6c3 (size before relaxing)
 .debug_str     0x00002c9e       0x1d main.o
                                0x26f (size before relaxing)
 .debug_str     0x00002cbb      0x124 SYS_CLOCK/sysclock.o
                                0x2e4 (size before relaxing)

.debug_loc      0x00000000     0x2209
 *(.debug_loc)
 .debug_loc     0x00000000      0x58f BLUETOOTH/DATA/data.o
 .debug_loc     0x0000058f      0x1c7 BLUETOOTH/FRAMES/frame.o
 .debug_loc     0x00000756      0x350 BLUETOOTH/HC05/hc05.o
 .debug_loc     0x00000aa6      0x257 BLUETOOTH/USART/BUFFER/buffer.o
 .debug_loc     0x00000cfd      0x264 BLUETOOTH/USART/usart.o
 .debug_loc     0x00000f61     0x1086 CONTROL/DRIVERS/drivers.o
 .debug_loc     0x00001fe7      0x222 CONTROL/WORK/work.o

.debug_macinfo
 *(.debug_macinfo)

.debug_weaknames
 *(.debug_weaknames)

.debug_funcnames
 *(.debug_funcnames)

.debug_typenames
 *(.debug_typenames)

.debug_varnames
 *(.debug_varnames)

.debug_pubtypes
 *(.debug_pubtypes)

.debug_ranges   0x00000000      0x268
 *(.debug_ranges)
 .debug_ranges  0x00000000       0x68 BLUETOOTH/DATA/data.o
 .debug_ranges  0x00000068       0x28 BLUETOOTH/FRAMES/frame.o
 .debug_ranges  0x00000090       0x28 BLUETOOTH/HC05/hc05.o
 .debug_ranges  0x000000b8       0x28 BLUETOOTH/USART/BUFFER/buffer.o
 .debug_ranges  0x000000e0       0x30 BLUETOOTH/USART/usart.o
 .debug_ranges  0x00000110       0xf0 CONTROL/DRIVERS/drivers.o
 .debug_ranges  0x00000200       0x40 CONTROL/WORK/work.o
 .debug_ranges  0x00000240       0x10 main.o
 .debug_ranges  0x00000250       0x18 SYS_CLOCK/sysclock.o

.debug_macro
 *(.debug_macro)
OUTPUT(RobotArmTest.elf elf32-avr)
LOAD linker stubs
